                                                                                L
                       @    33KB   @                        ̱B                   @                                        33KB   @    33KB                    33KB    ̱B                                ?           @̱B33KB   @    33KB   @            ̱B       @           @̱B                    ?̱B       @̱B33KB   @           @        ?        33KB   @̱B33KB   @    33KB                ̱B33KB    ̱B            33KB            ?        33KB    ̱B33KB   @̱B33KB        ?        ̱B33KB    ̱B       @̱B            ?        ̱B33KB   @̱B       @̱B33KB                ̤@33A   @ff@33A   @K@WA   @  s?mB>s>̤@33A   @K@WA   @ff@33A333@  s?mB>s>ff@33A333@K@WA   @.@A333@            ?ff@33A333@.@A333@ff@33A333@           K@WA   @ff@33A   @<=@(A   @  N?Z"
?s>K@WA   @<=@(A   @.@A333@  N?Z"
?s>.@A333@<=@(A   @@GA333@            ?.@A333@@GA333@ff@33A333@           <=@(A   @ff@33A   @@_A   @  Z"
?N?s><=@(A   @@_A   @@GA333@  Z"
?N?s>@GA333@@_A   @߅@AA333@            ?@GA333@߅@AA333@ff@33A333@           @_A   @ff@33A   @ff@A   @  mB>s?s>@_A   @ff@A   @߅@AA333@  mB>s?s>߅@AA333@ff@A   @ff@33A333@            ?߅@AA333@ff@33A333@ff@33A333@          ff@A   @ff@33A   @Ӆ@_A   @  mBs?s>ff@A   @Ӆ@_A   @ff@33A333@  mBs?s>ff@33A333@Ӆ@_A   @F@AA333@            ?ff@33A333@F@AA333@ff@33A333@          Ӆ@_A   @ff@33A   @"}@(A   @  Z"
N?s>Ӆ@_A   @"}@(A   @F@AA333@  Z"
N?s>F@AA333@"}@(A   @@GA333@            ?F@AA333@@GA333@ff@33A333@          "}@(A   @ff@33A   @is@WA   @  NZ"
?s>"}@(A   @is@WA   @@GA333@  NZ"
?s>@GA333@is@WA   @a<@A333@            ?@GA333@a<@A333@ff@33A333@          is@WA   @ff@33A   @  p@33A   @  smB>s>is@WA   @  p@33A   @a<@A333@  smB>s>a<@A333@  p@33A   @|@33A333@           ?a<@A333@|@33A333@ff@33A333@             p@33A   @ff@33A   @is@A   @  smBs>  p@33A   @is@A   @|@33A333@  smBs>|@33A333@is@A   @a<@UA333@           ?|@33A333@a<@UA333@ff@33A333@           is@A   @ff@33A   @"}@~=A   @  NZ"
s>is@A   @"}@~=A   @a<@UA333@  NZ"
s>a<@UA333@"}@~=A   @@_A333@           ?a<@UA333@@_A333@ff@33A333@           "}@~=A   @ff@33A   @Ӆ@A   @  Z"
Ns>"}@~=A   @Ӆ@A   @@_A333@  Z"
Ns>@_A333@Ӆ@A   @F@&A333@           ?@_A333@F@&A333@ff@33A333@            Ӆ@A   @ff@33A   @ff@A   @  mBss>Ӆ@A   @ff@A   @F@&A333@  mBss>F@&A333@ff@A   @ff@33A333@           ?F@&A333@ff@33A333@ff@33A333@            ff@A   @ff@33A   @@A   @  mB>ss>ff@A   @@A   @ff@33A333@  mB>ss>ff@33A333@@A   @߅@&A333@           ?ff@33A333@߅@&A333@ff@33A333@            @A   @ff@33A   @<=@~=A   @  Z"
?Ns>@A   @<=@~=A   @߅@&A333@  Z"
?Ns>߅@&A333@<=@~=A   @@_A333@           ?߅@&A333@@_A333@ff@33A333@            <=@~=A   @ff@33A   @K@A   @  N?Z"
s><=@~=A   @K@A   @@_A333@  N?Z"
s>@_A333@K@A   @.@UA333@           ?@_A333@.@UA333@ff@33A333@            K@A   @ff@33A   @̤@33A   @  s?mBs>K@A   @̤@33A   @.@UA333@  s?mBs>.@UA333@̤@33A   @ff@33A333@           ?.@UA333@ff@33A333@ff@33A333@            @B   @ff@B   @K@B   @  s?mB>s>@B   @K@B   @ff@B333@  s?mB>s>ff@B333@K@B   @.@]B333@            ?ff@B333@.@]B333@ff@B333@           K@B   @ff@B   @<=@tB   @  N?Z"
?s>K@B   @<=@tB   @.@]B333@  N?Z"
?s>.@]B333@<=@tB   @@B333@            ?.@]B333@@B333@ff@B333@           <=@tB   @ff@B   @@/B   @  Z"
?N?s><=@tB   @@/B   @@B333@  Z"
?N?s>@B333@@/B   @߅@rB333@            ?@B333@߅@rB333@ff@B333@           @/B   @ff@B   @ff@ffB   @  mB>s?s>@/B   @ff@ffB   @߅@rB333@  mB>s?s>߅@rB333@ff@ffB   @ff@B333@            ?߅@rB333@ff@B333@ff@B333@          ff@ffB   @ff@B   @@/B   @  mBs?s>ff@ffB   @@/B   @ff@B333@  mBs?s>ff@B333@@/B   @F@rB333@            ?ff@B333@F@rB333@ff@B333@          @/B   @ff@B   @@tB   @  Z"
N?s>@/B   @@tB   @F@rB333@  Z"
N?s>F@rB333@@tB   @@B333@            ?F@rB333@@B333@ff@B333@          @tB   @ff@B   @@B   @  NZ"
?s>@tB   @@B   @@B333@  NZ"
?s>@B333@@B   @0@]B333@            ?@B333@0@]B333@ff@B333@          @B   @ff@B   @  @B   @  smB>s>@B   @  @B   @0@]B333@  smB>s>0@]B333@  @B   @ff@B333@           ?0@]B333@ff@B333@ff@B333@             @B   @ff@B   @@KB   @  smBs>  @B   @@KB   @ff@B333@  smBs>ff@B333@@KB   @0@B333@           ?ff@B333@0@B333@ff@B333@           @KB   @ff@B   @@B   @  NZ"
s>@KB   @@B   @0@B333@  NZ"
s>0@B333@@B   @@/B333@           ?0@B333@@/B333@ff@B333@           @B   @ff@B   @@]B   @  Z"
Ns>@B   @@]B   @@/B333@  Z"
Ns>@/B333@@]B   @F@B333@           ?@/B333@F@B333@ff@B333@            @]B   @ff@B   @ff@
B   @  mBss>@]B   @ff@
B   @F@B333@  mBss>F@B333@ff@
B   @ff@B333@           ?F@B333@ff@B333@ff@B333@            ff@
B   @ff@B   @@]B   @  mB>ss>ff@
B   @@]B   @ff@B333@  mB>ss>ff@B333@@]B   @߅@B333@           ?ff@B333@߅@B333@ff@B333@            @]B   @ff@B   @<=@B   @  Z"
?Ns>@]B   @<=@B   @߅@B333@  Z"
?Ns>߅@B333@<=@B   @@/B333@           ?߅@B333@@/B333@ff@B333@            <=@B   @ff@B   @K@KB   @  N?Z"
s><=@B   @K@KB   @@/B333@  N?Z"
s>@/B333@K@KB   @.@B333@           ?@/B333@.@B333@ff@B333@            K@KB   @ff@B   @@B   @  s?mBs>K@KB   @@B   @.@B333@  s?mBs>.@B333@@B   @ff@B333@           ?.@B333@ff@B333@ff@B333@            @B   @ff@B   @K@B   @  s?mB>s>@B   @K@B   @ff@B333@  s?mB>s>ff@B333@K@B   @.@]B333@            ?ff@B333@.@]B333@ff@B333@           K@B   @ff@B   @<=@tB   @  N?Z"
?s>K@B   @<=@tB   @.@]B333@  N?Z"
?s>.@]B333@<=@tB   @@B333@            ?.@]B333@@B333@ff@B333@           <=@tB   @ff@B   @@/B   @  Z"
?N?s><=@tB   @@/B   @@B333@  Z"
?N?s>@B333@@/B   @߅@rB333@            ?@B333@߅@rB333@ff@B333@           @/B   @ff@B   @ff@ffB   @  mB>s?s>@/B   @ff@ffB   @߅@rB333@  mB>s?s>߅@rB333@ff@ffB   @ff@B333@            ?߅@rB333@ff@B333@ff@B333@          ff@ffB   @ff@B   @@/B   @  mBs?s>ff@ffB   @@/B   @ff@B333@  mBs?s>ff@B333@@/B   @F@rB333@            ?ff@B333@F@rB333@ff@B333@          @/B   @ff@B   @@tB   @  Z"
N?s>@/B   @@tB   @F@rB333@  Z"
N?s>F@rB333@@tB   @@B333@            ?F@rB333@@B333@ff@B333@          @tB   @ff@B   @@B   @  NZ"
?s>@tB   @@B   @@B333@  NZ"
?s>@B333@@B   @0@]B333@            ?@B333@0@]B333@ff@B333@          @B   @ff@B   @  @B   @  smB>s>@B   @  @B   @0@]B333@  smB>s>0@]B333@  @B   @ff@B333@           ?0@]B333@ff@B333@ff@B333@             @B   @ff@B   @@KB   @  smBs>  @B   @@KB   @ff@B333@  smBs>ff@B333@@KB   @0@B333@           ?ff@B333@0@B333@ff@B333@           @KB   @ff@B   @@B   @  NZ"
s>@KB   @@B   @0@B333@  NZ"
s>0@B333@@B   @@/B333@           ?0@B333@@/B333@ff@B333@           @B   @ff@B   @@]B   @  Z"
Ns>@B   @@]B   @@/B333@  Z"
Ns>@/B333@@]B   @F@B333@           ?@/B333@F@B333@ff@B333@            @]B   @ff@B   @ff@ B   @  mBss>@]B   @ff@ B   @F@B333@  mBss>F@B333@ff@ B   @ff@B333@           ?F@B333@ff@B333@ff@B333@            ff@ B   @ff@B   @@]B   @  mB>ss>ff@ B   @@]B   @ff@B333@  mB>ss>ff@B333@@]B   @߅@B333@           ?ff@B333@߅@B333@ff@B333@            @]B   @ff@B   @<=@B   @  Z"
?Ns>@]B   @<=@B   @߅@B333@  Z"
?Ns>߅@B333@<=@B   @@/B333@           ?߅@B333@@/B333@ff@B333@            <=@B   @ff@B   @K@KB   @  N?Z"
s><=@B   @K@KB   @@/B333@  N?Z"
s>@/B333@K@KB   @.@B333@           ?@/B333@.@B333@ff@B333@            K@KB   @ff@B   @@B   @  s?mBs>K@KB   @@B   @.@B333@  s?mBs>.@B333@@B   @ff@B333@           ?.@B333@ff@B333@ff@B333@            @33A   @ff@33A   @K@WA   @  s?mB>s>@33A   @K@WA   @ff@33A333@  s?mB>s>ff@33A333@K@WA   @.@A333@            ?ff@33A333@.@A333@ff@33A333@           K@WA   @ff@33A   @<=@(A   @  N?Z"
?s>K@WA   @<=@(A   @.@A333@  N?Z"
?s>.@A333@<=@(A   @@GA333@            ?.@A333@@GA333@ff@33A333@           <=@(A   @ff@33A   @@_A   @  Z"
?N?s><=@(A   @@_A   @@GA333@  Z"
?N?s>@GA333@@_A   @߅@AA333@            ?@GA333@߅@AA333@ff@33A333@           @_A   @ff@33A   @ff@A   @  mB>s?s>@_A   @ff@A   @߅@AA333@  mB>s?s>߅@AA333@ff@A   @ff@33A333@            ?߅@AA333@ff@33A333@ff@33A333@          ff@A   @ff@33A   @@_A   @  mBs?s>ff@A   @@_A   @ff@33A333@  mBs?s>ff@33A333@@_A   @F@AA333@            ?ff@33A333@F@AA333@ff@33A333@          @_A   @ff@33A   @@(A   @  Z"
N?s>@_A   @@(A   @F@AA333@  Z"
N?s>F@AA333@@(A   @@GA333@            ?F@AA333@@GA333@ff@33A333@          @(A   @ff@33A   @@WA   @  NZ"
?s>@(A   @@WA   @@GA333@  NZ"
?s>@GA333@@WA   @0@A333@            ?@GA333@0@A333@ff@33A333@          @WA   @ff@33A   @  @33A   @  smB>s>@WA   @  @33A   @0@A333@  smB>s>0@A333@  @33A   @ff@33A333@           ?0@A333@ff@33A333@ff@33A333@             @33A   @ff@33A   @@A   @  smBs>  @33A   @@A   @ff@33A333@  smBs>ff@33A333@@A   @0@UA333@           ?ff@33A333@0@UA333@ff@33A333@           @A   @ff@33A   @@~=A   @  NZ"
s>@A   @@~=A   @0@UA333@  NZ"
s>0@UA333@@~=A   @@_A333@           ?0@UA333@@_A333@ff@33A333@           @~=A   @ff@33A   @@A   @  Z"
Ns>@~=A   @@A   @@_A333@  Z"
Ns>@_A333@@A   @F@&A333@           ?@_A333@F@&A333@ff@33A333@            @A   @ff@33A   @ff@A   @  mBss>@A   @ff@A   @F@&A333@  mBss>F@&A333@ff@A   @ff@33A333@           ?F@&A333@ff@33A333@ff@33A333@            ff@A   @ff@33A   @@A   @  mB>ss>ff@A   @@A   @ff@33A333@  mB>ss>ff@33A333@@A   @߅@&A333@           ?ff@33A333@߅@&A333@ff@33A333@            @A   @ff@33A   @<=@~=A   @  Z"
?Ns>@A   @<=@~=A   @߅@&A333@  Z"
?Ns>߅@&A333@<=@~=A   @@_A333@           ?߅@&A333@@_A333@ff@33A333@            <=@~=A   @ff@33A   @K@A   @  N?Z"
s><=@~=A   @K@A   @@_A333@  N?Z"
s>@_A333@K@A   @.@UA333@           ?@_A333@.@UA333@ff@33A333@            K@A   @ff@33A   @@33A   @  s?mBs>K@A   @@33A   @.@UA333@  s?mBs>.@UA333@@33A   @ff@33A333@           ?.@UA333@ff@33A333@ff@33A333@            5AB   @R*AB   @D5AB   @  s?mB>s>5AB   @D5AB   @R2AB333@  s?mB>s>R2AB333@D5AB   @m2A]B333@            ?R2AB333@m2A]B333@R*AB333@           D5AB   @R*AB   @2AtB   @  N?Z"
?s>D5AB   @2AtB   @m2A]B333@  N?Z"
?s>m2A]B333@2AtB   @z`0AB333@            ?m2A]B333@z`0AB333@R*AB333@           2AtB   @R*AB   @/A/B   @  Z"
?N?s>2AtB   @/A/B   @z`0AB333@  Z"
?N?s>z`0AB333@/A/B   @-ArB333@            ?z`0AB333@-ArB333@R*AB333@           /A/B   @R*AB   @R*AffB   @  mB>s?s>/A/B   @R*AffB   @-ArB333@  mB>s?s>-ArB333@R*AffB   @R*AB333@            ?-ArB333@R*AB333@R*AB333@          R*AffB   @R*AB   @o&A/B   @  mBs?s>R*AffB   @o&A/B   @R*AB333@  mBs?s>R*AB333@o&A/B   @'ArB333@            ?R*AB333@'ArB333@R*AB333@          o&A/B   @R*AB   @"AtB   @  Z"
N?s>o&A/B   @"AtB   @'ArB333@  Z"
N?s>'ArB333@"AtB   @*%AB333@            ?'ArB333@*%AB333@R*AB333@          "AtB   @R*AB   @__ AB   @  NZ"
?s>"AtB   @__ AB   @*%AB333@  NZ"
?s>*%AB333@__ AB   @7T#A]B333@            ?*%AB333@7T#A]B333@R*AB333@          __ AB   @R*AB   @AB   @  smB>s>__ AB   @AB   @7T#A]B333@  smB>s>7T#A]B333@AB   @R"AB333@           ?7T#A]B333@R"AB333@R*AB333@           AB   @R*AB   @__ AKB   @  smBs>AB   @__ AKB   @R"AB333@  smBs>R"AB333@__ AKB   @7T#AB333@           ?R"AB333@7T#AB333@R*AB333@           __ AKB   @R*AB   @"AB   @  NZ"
s>__ AKB   @"AB   @7T#AB333@  NZ"
s>7T#AB333@"AB   @*%A/B333@           ?7T#AB333@*%A/B333@R*AB333@           "AB   @R*AB   @o&A]B   @  Z"
Ns>"AB   @o&A]B   @*%A/B333@  Z"
Ns>*%A/B333@o&A]B   @'AB333@           ?*%A/B333@'AB333@R*AB333@            o&A]B   @R*AB   @R*A
B   @  mBss>o&A]B   @R*A
B   @'AB333@  mBss>'AB333@R*A
B   @R*AB333@           ?'AB333@R*AB333@R*AB333@            R*A
B   @R*AB   @/A]B   @  mB>ss>R*A
B   @/A]B   @R*AB333@  mB>ss>R*AB333@/A]B   @-AB333@           ?R*AB333@-AB333@R*AB333@            /A]B   @R*AB   @2AB   @  Z"
?Ns>/A]B   @2AB   @-AB333@  Z"
?Ns>-AB333@2AB   @z`0A/B333@           ?-AB333@z`0A/B333@R*AB333@            2AB   @R*AB   @D5AKB   @  N?Z"
s>2AB   @D5AKB   @z`0A/B333@  N?Z"
s>z`0A/B333@D5AKB   @m2AB333@           ?z`0A/B333@m2AB333@R*AB333@            D5AKB   @R*AB   @5AB   @  s?mBs>D5AKB   @5AB   @m2AB333@  s?mBs>m2AB333@5AB   @R2AB333@           ?m2AB333@R2AB333@R*AB333@            RAB   @AB   @2KAB   @  s?mB>s>RAB   @2KAB   @AB333@  s?mB>s>AB333@2KAB   @ЊA]B333@            ?AB333@ЊA]B333@AB333@           2KAB   @AB   @nAtB   @  N?Z"
?s>2KAB   @nAtB   @ЊA]B333@  N?Z"
?s>ЊA]B333@nAtB   @AB333@            ?ЊA]B333@AB333@AB333@           nAtB   @AB   @VCA/B   @  Z"
?N?s>nAtB   @VCA/B   @AB333@  Z"
?N?s>AB333@VCA/B   @ArB333@            ?AB333@ArB333@AB333@           VCA/B   @AB   @AffB   @  mB>s?s>VCA/B   @AffB   @ArB333@  mB>s?s>ArB333@AffB   @AB333@            ?ArB333@AB333@AB333@          AffB   @AB   @A/B   @  mBs?s>AffB   @A/B   @AB333@  mBs?s>AB333@A/B   @ږArB333@            ?AB333@ږArB333@AB333@          A/B   @AB   @)AtB   @  Z"
N?s>A/B   @)AtB   @ږArB333@  Z"
N?s>ږArB333@)AtB   @JAB333@            ?ږArB333@JAB333@AB333@          )AtB   @AB   @?AB   @  NZ"
?s>)AtB   @?AB   @JAB333@  NZ"
?s>JAB333@?AB   @lA]B333@            ?JAB333@lA]B333@AB333@          ?AB   @AB   @AB   @  smB>s>?AB   @AB   @lA]B333@  smB>s>lA]B333@AB   @AB333@           ?lA]B333@AB333@AB333@           AB   @AB   @?AKB   @  smBs>AB   @?AKB   @AB333@  smBs>AB333@?AKB   @lAB333@           ?AB333@lAB333@AB333@           ?AKB   @AB   @)AB   @  NZ"
s>?AKB   @)AB   @lAB333@  NZ"
s>lAB333@)AB   @JA/B333@           ?lAB333@JA/B333@AB333@           )AB   @AB   @A]B   @  Z"
Ns>)AB   @A]B   @JA/B333@  Z"
Ns>JA/B333@A]B   @ږAB333@           ?JA/B333@ږAB333@AB333@            A]B   @AB   @A
B   @  mBss>A]B   @A
B   @ږAB333@  mBss>ږAB333@A
B   @AB333@           ?ږAB333@AB333@AB333@            A
B   @AB   @VCA]B   @  mB>ss>A
B   @VCA]B   @AB333@  mB>ss>AB333@VCA]B   @AB333@           ?AB333@AB333@AB333@            VCA]B   @AB   @nAB   @  Z"
?Ns>VCA]B   @nAB   @AB333@  Z"
?Ns>AB333@nAB   @A/B333@           ?AB333@A/B333@AB333@            nAB   @AB   @2KAKB   @  N?Z"
s>nAB   @2KAKB   @A/B333@  N?Z"
s>A/B333@2KAKB   @ЊAB333@           ?A/B333@ЊAB333@AB333@            2KAKB   @AB   @RAB   @  s?mBs>2KAKB   @RAB   @ЊAB333@  s?mBs>ЊAB333@RAB   @AB333@           ?ЊAB333@AB333@AB333@            RAB   @AB   @2KAB   @  s?mB>s>RAB   @2KAB   @AB333@  s?mB>s>AB333@2KAB   @ЊA]B333@            ?AB333@ЊA]B333@AB333@           2KAB   @AB   @nAtB   @  N?Z"
?s>2KAB   @nAtB   @ЊA]B333@  N?Z"
?s>ЊA]B333@nAtB   @AB333@            ?ЊA]B333@AB333@AB333@           nAtB   @AB   @VCA/B   @  Z"
?N?s>nAtB   @VCA/B   @AB333@  Z"
?N?s>AB333@VCA/B   @ArB333@            ?AB333@ArB333@AB333@           VCA/B   @AB   @AffB   @  mB>s?s>VCA/B   @AffB   @ArB333@  mB>s?s>ArB333@AffB   @AB333@            ?ArB333@AB333@AB333@          AffB   @AB   @A/B   @  mBs?s>AffB   @A/B   @AB333@  mBs?s>AB333@A/B   @ږArB333@            ?AB333@ږArB333@AB333@          A/B   @AB   @)AtB   @  Z"
N?s>A/B   @)AtB   @ږArB333@  Z"
N?s>ږArB333@)AtB   @JAB333@            ?ږArB333@JAB333@AB333@          )AtB   @AB   @?AB   @  NZ"
?s>)AtB   @?AB   @JAB333@  NZ"
?s>JAB333@?AB   @lA]B333@            ?JAB333@lA]B333@AB333@          ?AB   @AB   @AB   @  smB>s>?AB   @AB   @lA]B333@  smB>s>lA]B333@AB   @AB333@           ?lA]B333@AB333@AB333@           AB   @AB   @?AKB   @  smBs>AB   @?AKB   @AB333@  smBs>AB333@?AKB   @lAB333@           ?AB333@lAB333@AB333@           ?AKB   @AB   @)AB   @  NZ"
s>?AKB   @)AB   @lAB333@  NZ"
s>lAB333@)AB   @JA/B333@           ?lAB333@JA/B333@AB333@           )AB   @AB   @A]B   @  Z"
Ns>)AB   @A]B   @JA/B333@  Z"
Ns>JA/B333@A]B   @ږAB333@           ?JA/B333@ږAB333@AB333@            A]B   @AB   @A B   @  mBss>A]B   @A B   @ږAB333@  mBss>ږAB333@A B   @AB333@           ?ږAB333@AB333@AB333@            A B   @AB   @VCA]B   @  mB>ss>A B   @VCA]B   @AB333@  mB>ss>AB333@VCA]B   @AB333@           ?AB333@AB333@AB333@            VCA]B   @AB   @nAB   @  Z"
?Ns>VCA]B   @nAB   @AB333@  Z"
?Ns>AB333@nAB   @A/B333@           ?AB333@A/B333@AB333@            nAB   @AB   @2KAKB   @  N?Z"
s>nAB   @2KAKB   @A/B333@  N?Z"
s>A/B333@2KAKB   @ЊAB333@           ?A/B333@ЊAB333@AB333@            2KAKB   @AB   @RAB   @  s?mBs>2KAKB   @RAB   @ЊAB333@  s?mBs>ЊAB333@RAB   @AB333@           ?ЊAB333@AB333@AB333@            zAB   @HAB   @AB   @  s?mB>s>zAB   @AB   @HAB333@  s?mB>s>HAB333@AB   @UA]B333@            ?HAB333@UA]B333@HAB333@           AB   @HAB   @ּAtB   @  N?Z"
?s>AB   @ּAtB   @UA]B333@  N?Z"
?s>UA]B333@ּAtB   @[AB333@            ?UA]B333@[AB333@HAB333@           ּAtB   @HAB   @A/B   @  Z"
?N?s>ּAtB   @A/B   @[AB333@  Z"
?N?s>[AB333@A/B   @&iArB333@            ?[AB333@&iArB333@HAB333@           A/B   @HAB   @HAffB   @  mB>s?s>A/B   @HAffB   @&iArB333@  mB>s?s>&iArB333@HAffB   @HAB333@            ?&iArB333@HAB333@HAB333@          HAffB   @HAB   @A/B   @  mBs?s>HAffB   @A/B   @HAB333@  mBs?s>HAB333@A/B   @jYArB333@            ?HAB333@jYArB333@HAB333@          A/B   @HAB   @AtB   @  Z"
N?s>A/B   @AtB   @jYArB333@  Z"
N?s>jYArB333@AtB   @4AB333@            ?jYArB333@4AB333@HAB333@          AtB   @HAB   @δAB   @  NZ"
?s>AtB   @δAB   @4AB333@  NZ"
?s>4AB333@δAB   @:/A]B333@            ?4AB333@:/A]B333@HAB333@          δAB   @HAB   @GAB   @  smB>s>δAB   @GAB   @:/A]B333@  smB>s>:/A]B333@GAB   @HAB333@           ?:/A]B333@HAB333@HAB333@           GAB   @HAB   @δAKB   @  smBs>GAB   @δAKB   @HAB333@  smBs>HAB333@δAKB   @:/AB333@           ?HAB333@:/AB333@HAB333@           δAKB   @HAB   @AB   @  NZ"
s>δAKB   @AB   @:/AB333@  NZ"
s>:/AB333@AB   @4A/B333@           ?:/AB333@4A/B333@HAB333@           AB   @HAB   @A]B   @  Z"
Ns>AB   @A]B   @4A/B333@  Z"
Ns>4A/B333@A]B   @jYAB333@           ?4A/B333@jYAB333@HAB333@            A]B   @HAB   @HA
B   @  mBss>A]B   @HA
B   @jYAB333@  mBss>jYAB333@HA
B   @HAB333@           ?jYAB333@HAB333@HAB333@            HA
B   @HAB   @A]B   @  mB>ss>HA
B   @A]B   @HAB333@  mB>ss>HAB333@A]B   @&iAB333@           ?HAB333@&iAB333@HAB333@            A]B   @HAB   @ּAB   @  Z"
?Ns>A]B   @ּAB   @&iAB333@  Z"
?Ns>&iAB333@ּAB   @[A/B333@           ?&iAB333@[A/B333@HAB333@            ּAB   @HAB   @AKB   @  N?Z"
s>ּAB   @AKB   @[A/B333@  N?Z"
s>[A/B333@AKB   @UAB333@           ?[A/B333@UAB333@HAB333@            AKB   @HAB   @zAB   @  s?mBs>AKB   @zAB   @UAB333@  s?mBs>UAB333@zAB   @HAB333@           ?UAB333@HAB333@HAB333@            zAB   @HAB   @AB   @  s?mB>s>zAB   @AB   @HAB333@  s?mB>s>HAB333@AB   @UA]B333@            ?HAB333@UA]B333@HAB333@           AB   @HAB   @AtB   @  N?Z"
?s>AB   @AtB   @UA]B333@  N?Z"
?s>UA]B333@AtB   @[AB333@            ?UA]B333@[AB333@HAB333@           AtB   @HAB   @A/B   @  Z"
?N?s>AtB   @A/B   @[AB333@  Z"
?N?s>[AB333@A/B   @&iArB333@            ?[AB333@&iArB333@HAB333@           A/B   @HAB   @HAffB   @  mB>s?s>A/B   @HAffB   @&iArB333@  mB>s?s>&iArB333@HAffB   @HAB333@            ?&iArB333@HAB333@HAB333@          HAffB   @HAB   @A/B   @  mBs?s>HAffB   @A/B   @HAB333@  mBs?s>HAB333@A/B   @jYArB333@            ?HAB333@jYArB333@HAB333@          A/B   @HAB   @AtB   @  Z"
N?s>A/B   @AtB   @jYArB333@  Z"
N?s>jYArB333@AtB   @4AB333@            ?jYArB333@4AB333@HAB333@          AtB   @HAB   @δAB   @  NZ"
?s>AtB   @δAB   @4AB333@  NZ"
?s>4AB333@δAB   @:/A]B333@            ?4AB333@:/A]B333@HAB333@          δAB   @HAB   @GAB   @  smB>s>δAB   @GAB   @:/A]B333@  smB>s>:/A]B333@GAB   @HAB333@           ?:/A]B333@HAB333@HAB333@           GAB   @HAB   @δAKB   @  smBs>GAB   @δAKB   @HAB333@  smBs>HAB333@δAKB   @:/AB333@           ?HAB333@:/AB333@HAB333@           δAKB   @HAB   @AB   @  NZ"
s>δAKB   @AB   @:/AB333@  NZ"
s>:/AB333@AB   @4A/B333@           ?:/AB333@4A/B333@HAB333@           AB   @HAB   @A]B   @  Z"
Ns>AB   @A]B   @4A/B333@  Z"
Ns>4A/B333@A]B   @jYAB333@           ?4A/B333@jYAB333@HAB333@            A]B   @HAB   @HA
B   @  mBss>A]B   @HA
B   @jYAB333@  mBss>jYAB333@HA
B   @HAB333@           ?jYAB333@HAB333@HAB333@            HA
B   @HAB   @A]B   @  mB>ss>HA
B   @A]B   @HAB333@  mB>ss>HAB333@A]B   @&iAB333@           ?HAB333@&iAB333@HAB333@            A]B   @HAB   @AB   @  Z"
?Ns>A]B   @AB   @&iAB333@  Z"
?Ns>&iAB333@AB   @[A/B333@           ?&iAB333@[A/B333@HAB333@            AB   @HAB   @AKB   @  N?Z"
s>AB   @AKB   @[A/B333@  N?Z"
s>[A/B333@AKB   @UAB333@           ?[A/B333@UAB333@HAB333@            AKB   @HAB   @zAB   @  s?mBs>AKB   @zAB   @UAB333@  s?mBs>UAB333@zAB   @HAB333@           ?UAB333@HAB333@HAB333@            q=A33A   @ףA33A   @PAWA   @  s?mB>s>q=A33A   @PAWA   @ףA33A333@  s?mB>s>ףA33A333@PAWA   @UAA333@            ?ףA33A333@UAA333@ףA33A333@           PAWA   @ףA33A   @A(A   @  N?Z"
?s>PAWA   @A(A   @UAA333@  N?Z"
?s>UAA333@A(A   @wAGA333@            ?UAA333@wAGA333@ףA33A333@           A(A   @ףA33A   @tA_A   @  Z"
?N?s>A(A   @tA_A   @wAGA333@  Z"
?N?s>wAGA333@tA_A   @+AAA333@            ?wAGA333@+AAA333@ףA33A333@           tA_A   @ףA33A   @ףAA   @  mB>s?s>tA_A   @ףAA   @+AAA333@  mB>s?s>+AAA333@ףAA   @ףA33A333@            ?+AAA333@ףA33A333@ףA33A333@          ףAA   @ףA33A   @:A_A   @  mBs?s>ףAA   @:A_A   @ףA33A333@  mBs?s>ףA33A333@:A_A   @AAA333@            ?ףA33A333@AAA333@ףA33A333@          :A_A   @ףA33A   @"A(A   @  Z"
N?s>:A_A   @"A(A   @AAA333@  Z"
N?s>AAA333@"A(A   @AGA333@            ?AAA333@AGA333@ףA33A333@          "A(A   @ףA33A   @^wAWA   @  NZ"
?s>"A(A   @^wAWA   @AGA333@  NZ"
?s>AGA333@^wAWA   @AA333@            ?AGA333@AA333@ףA33A333@          ^wAWA   @ףA33A   @=
A33A   @  smB>s>^wAWA   @=
A33A   @AA333@  smB>s>AA333@=
A33A   @ףA33A333@           ?AA333@ףA33A333@ףA33A333@           =
A33A   @ףA33A   @^wAA   @  smBs>=
A33A   @^wAA   @ףA33A333@  smBs>ףA33A333@^wAA   @AUA333@           ?ףA33A333@AUA333@ףA33A333@           ^wAA   @ףA33A   @"A~=A   @  NZ"
s>^wAA   @"A~=A   @AUA333@  NZ"
s>AUA333@"A~=A   @A_A333@           ?AUA333@A_A333@ףA33A333@           "A~=A   @ףA33A   @:AA   @  Z"
Ns>"A~=A   @:AA   @A_A333@  Z"
Ns>A_A333@:AA   @A&A333@           ?A_A333@A&A333@ףA33A333@            :AA   @ףA33A   @ףAA   @  mBss>:AA   @ףAA   @A&A333@  mBss>A&A333@ףAA   @ףA33A333@           ?A&A333@ףA33A333@ףA33A333@            ףAA   @ףA33A   @tAA   @  mB>ss>ףAA   @tAA   @ףA33A333@  mB>ss>ףA33A333@tAA   @+A&A333@           ?ףA33A333@+A&A333@ףA33A333@            tAA   @ףA33A   @A~=A   @  Z"
?Ns>tAA   @A~=A   @+A&A333@  Z"
?Ns>+A&A333@A~=A   @wA_A333@           ?+A&A333@wA_A333@ףA33A333@            A~=A   @ףA33A   @PAA   @  N?Z"
s>A~=A   @PAA   @wA_A333@  N?Z"
s>wA_A333@PAA   @UAUA333@           ?wA_A333@UAUA333@ףA33A333@            PAA   @ףA33A   @q=A33A   @  s?mBs>PAA   @q=A33A   @UAUA333@  s?mBs>UAUA333@q=A33A   @ףA33A333@           ?UAUA333@ףA33A333@ףA33A333@            B33A   @ףA33A   @(BWA   @  s?mB>s>B33A   @(BWA   @QB33A333@  s?mB>s>QB33A333@(BWA   @*BA333@            ?QB33A333@*BA333@ףA33A333@           (BWA   @ףA33A   @LB(A   @  N?Z"
?s>(BWA   @LB(A   @*BA333@  N?Z"
?s>*BA333@LB(A   @ BGA333@            ?*BA333@ BGA333@ףA33A333@           LB(A   @ףA33A   @:d B_A   @  Z"
?N?s>LB(A   @:d B_A   @ BGA333@  Z"
?N?s> BGA333@:d B_A   @ BAA333@            ? BGA333@ BAA333@ףA33A333@           :d B_A   @ףA33A   @ףAA   @  mB>s?s>:d B_A   @ףAA   @ BAA333@  mB>s?s> BAA333@ףAA   @ףA33A333@            ? BAA333@ףA33A333@ףA33A333@          ףAA   @ףA33A   @:A_A   @  mBs?s>ףAA   @:A_A   @ףA33A333@  mBs?s>ףA33A333@:A_A   @AAA333@            ?ףA33A333@AAA333@ףA33A333@          :A_A   @ףA33A   @"A(A   @  Z"
N?s>:A_A   @"A(A   @AAA333@  Z"
N?s>AAA333@"A(A   @AGA333@            ?AAA333@AGA333@ףA33A333@          "A(A   @ףA33A   @^wAWA   @  NZ"
?s>"A(A   @^wAWA   @AGA333@  NZ"
?s>AGA333@^wAWA   @AA333@            ?AGA333@AA333@ףA33A333@          ^wAWA   @ףA33A   @=
A33A   @  smB>s>^wAWA   @=
A33A   @AA333@  smB>s>AA333@=
A33A   @ףA33A333@           ?AA333@ףA33A333@ףA33A333@           =
A33A   @ףA33A   @^wAA   @  smBs>=
A33A   @^wAA   @ףA33A333@  smBs>ףA33A333@^wAA   @AUA333@           ?ףA33A333@AUA333@ףA33A333@           ^wAA   @ףA33A   @"A~=A   @  NZ"
s>^wAA   @"A~=A   @AUA333@  NZ"
s>AUA333@"A~=A   @A_A333@           ?AUA333@A_A333@ףA33A333@           "A~=A   @ףA33A   @:AA   @  Z"
Ns>"A~=A   @:AA   @A_A333@  Z"
Ns>A_A333@:AA   @A&A333@           ?A_A333@A&A333@ףA33A333@            :AA   @ףA33A   @ףAA   @  mBss>:AA   @ףAA   @A&A333@  mBss>A&A333@ףAA   @ףA33A333@           ?A&A333@ףA33A333@ףA33A333@            ףAA   @ףA33A   @:d BA   @  mB>ss>ףAA   @:d BA   @ףA33A333@  mB>ss>ףA33A333@:d BA   @ B&A333@           ?ףA33A333@ B&A333@ףA33A333@            :d BA   @ףA33A   @LB~=A   @  Z"
?Ns>:d BA   @LB~=A   @ B&A333@  Z"
?Ns> B&A333@LB~=A   @ B_A333@           ? B&A333@ B_A333@ףA33A333@            LB~=A   @ףA33A   @(BA   @  N?Z"
s>LB~=A   @(BA   @ B_A333@  N?Z"
s> B_A333@(BA   @*BUA333@           ? B_A333@*BUA333@ףA33A333@            (BA   @ףA33A   @B33A   @  s?mBs>(BA   @B33A   @*BUA333@  s?mBs>*BUA333@B33A   @QB33A333@           ?*BUA333@QB33A333@ףA33A333@              B33A   @33B33A   @pBWA   @  s?mB>s>  B33A   @pBWA   @33B33A333@  s?mB>s>33B33A333@pBWA   @:BA333@            ?33B33A333@:BA333@33B33A333@           pBWA   @33B33A   @.B(A   @  N?Z"
?s>pBWA   @.B(A   @:BA333@  N?Z"
?s>:BA333@.B(A   @=BGA333@            ?:BA333@=BGA333@33B33A333@           .B(A   @33B33A   @EB_A   @  Z"
?N?s>.B(A   @EB_A   @=BGA333@  Z"
?N?s>=BGA333@EB_A   @"BAA333@            ?=BGA333@"BAA333@33B33A333@           EB_A   @33B33A   @33BA   @  mB>s?s>EB_A   @33BA   @"BAA333@  mB>s?s>"BAA333@33BA   @33B33A333@            ?"BAA333@33B33A333@33B33A333@          33BA   @33B33A   @ B_A   @  mBs?s>33BA   @ B_A   @33B33A333@  mBs?s>33B33A333@ B_A   @DoBAA333@            ?33B33A333@DoBAA333@33B33A333@           B_A   @33B33A   @Y8B(A   @  Z"
N?s> B_A   @Y8B(A   @DoBAA333@  Z"
N?s>DoBAA333@Y8B(A   @)BGA333@            ?DoBAA333@)BGA333@33B33A333@          Y8B(A   @33B33A   @BWA   @  NZ"
?s>Y8B(A   @BWA   @)BGA333@  NZ"
?s>)BGA333@BWA   @,ZBA333@            ?)BGA333@,ZBA333@33B33A333@          BWA   @33B33A   @ffB33A   @  smB>s>BWA   @ffB33A   @,ZBA333@  smB>s>,ZBA333@ffB33A   @33B33A333@           ?,ZBA333@33B33A333@33B33A333@           ffB33A   @33B33A   @BA   @  smBs>ffB33A   @BA   @33B33A333@  smBs>33B33A333@BA   @,ZBUA333@           ?33B33A333@,ZBUA333@33B33A333@           BA   @33B33A   @Y8B~=A   @  NZ"
s>BA   @Y8B~=A   @,ZBUA333@  NZ"
s>,ZBUA333@Y8B~=A   @)B_A333@           ?,ZBUA333@)B_A333@33B33A333@           Y8B~=A   @33B33A   @ BA   @  Z"
Ns>Y8B~=A   @ BA   @)B_A333@  Z"
Ns>)B_A333@ BA   @DoB&A333@           ?)B_A333@DoB&A333@33B33A333@             BA   @33B33A   @33BA   @  mBss> BA   @33BA   @DoB&A333@  mBss>DoB&A333@33BA   @33B33A333@           ?DoB&A333@33B33A333@33B33A333@            33BA   @33B33A   @EBA   @  mB>ss>33BA   @EBA   @33B33A333@  mB>ss>33B33A333@EBA   @"B&A333@           ?33B33A333@"B&A333@33B33A333@            EBA   @33B33A   @.B~=A   @  Z"
?Ns>EBA   @.B~=A   @"B&A333@  Z"
?Ns>"B&A333@.B~=A   @=B_A333@           ?"B&A333@=B_A333@33B33A333@            .B~=A   @33B33A   @pBA   @  N?Z"
s>.B~=A   @pBA   @=B_A333@  N?Z"
s>=B_A333@pBA   @:BUA333@           ?=B_A333@:BUA333@33B33A333@            pBA   @33B33A   @  B33A   @  s?mBs>pBA   @  B33A   @:BUA333@  s?mBs>:BUA333@  B33A   @33B33A333@           ?:BUA333@33B33A333@33B33A333@              BB   @33BB   @pBB   @  s?mB>s>  BB   @pBB   @33BB333@  s?mB>s>33BB333@pBB   @:B]B333@            ?33BB333@:B]B333@33BB333@           pBB   @33BB   @.BtB   @  N?Z"
?s>pBB   @.BtB   @:B]B333@  N?Z"
?s>:B]B333@.BtB   @=BB333@            ?:B]B333@=BB333@33BB333@           .BtB   @33BB   @EB/B   @  Z"
?N?s>.BtB   @EB/B   @=BB333@  Z"
?N?s>=BB333@EB/B   @"BrB333@            ?=BB333@"BrB333@33BB333@           EB/B   @33BB   @33BffB   @  mB>s?s>EB/B   @33BffB   @"BrB333@  mB>s?s>"BrB333@33BffB   @33BB333@            ?"BrB333@33BB333@33BB333@          33BffB   @33BB   @ B/B   @  mBs?s>33BffB   @ B/B   @33BB333@  mBs?s>33BB333@ B/B   @DoBrB333@            ?33BB333@DoBrB333@33BB333@           B/B   @33BB   @Y8BtB   @  Z"
N?s> B/B   @Y8BtB   @DoBrB333@  Z"
N?s>DoBrB333@Y8BtB   @)BB333@            ?DoBrB333@)BB333@33BB333@          Y8BtB   @33BB   @BB   @  NZ"
?s>Y8BtB   @BB   @)BB333@  NZ"
?s>)BB333@BB   @,ZB]B333@            ?)BB333@,ZB]B333@33BB333@          BB   @33BB   @ffBB   @  smB>s>BB   @ffBB   @,ZB]B333@  smB>s>,ZB]B333@ffBB   @33BB333@           ?,ZB]B333@33BB333@33BB333@           ffBB   @33BB   @BKB   @  smBs>ffBB   @BKB   @33BB333@  smBs>33BB333@BKB   @,ZBB333@           ?33BB333@,ZBB333@33BB333@           BKB   @33BB   @Y8BB   @  NZ"
s>BKB   @Y8BB   @,ZBB333@  NZ"
s>,ZBB333@Y8BB   @)B/B333@           ?,ZBB333@)B/B333@33BB333@           Y8BB   @33BB   @ B]B   @  Z"
Ns>Y8BB   @ B]B   @)B/B333@  Z"
Ns>)B/B333@ B]B   @DoBB333@           ?)B/B333@DoBB333@33BB333@             B]B   @33BB   @33B
B   @  mBss> B]B   @33B
B   @DoBB333@  mBss>DoBB333@33B
B   @33BB333@           ?DoBB333@33BB333@33BB333@            33B
B   @33BB   @EB]B   @  mB>ss>33B
B   @EB]B   @33BB333@  mB>ss>33BB333@EB]B   @"BB333@           ?33BB333@"BB333@33BB333@            EB]B   @33BB   @.BB   @  Z"
?Ns>EB]B   @.BB   @"BB333@  Z"
?Ns>"BB333@.BB   @=B/B333@           ?"BB333@=B/B333@33BB333@            .BB   @33BB   @pBKB   @  N?Z"
s>.BB   @pBKB   @=B/B333@  N?Z"
s>=B/B333@pBKB   @:BB333@           ?=B/B333@:BB333@33BB333@            pBKB   @33BB   @  BB   @  s?mBs>pBKB   @  BB   @:BB333@  s?mBs>:BB333@  BB   @33BB333@           ?:BB333@33BB333@33BB333@              BB   @33BB   @pBB   @  s?mB>s>  BB   @pBB   @33BB333@  s?mB>s>33BB333@pBB   @:B]B333@            ?33BB333@:B]B333@33BB333@           pBB   @33BB   @.BtB   @  N?Z"
?s>pBB   @.BtB   @:B]B333@  N?Z"
?s>:B]B333@.BtB   @=BB333@            ?:B]B333@=BB333@33BB333@           .BtB   @33BB   @EB/B   @  Z"
?N?s>.BtB   @EB/B   @=BB333@  Z"
?N?s>=BB333@EB/B   @"BrB333@            ?=BB333@"BrB333@33BB333@           EB/B   @33BB   @33BffB   @  mB>s?s>EB/B   @33BffB   @"BrB333@  mB>s?s>"BrB333@33BffB   @33BB333@            ?"BrB333@33BB333@33BB333@          33BffB   @33BB   @ B/B   @  mBs?s>33BffB   @ B/B   @33BB333@  mBs?s>33BB333@ B/B   @DoBrB333@            ?33BB333@DoBrB333@33BB333@           B/B   @33BB   @Y8BtB   @  Z"
N?s> B/B   @Y8BtB   @DoBrB333@  Z"
N?s>DoBrB333@Y8BtB   @)BB333@            ?DoBrB333@)BB333@33BB333@          Y8BtB   @33BB   @BB   @  NZ"
?s>Y8BtB   @BB   @)BB333@  NZ"
?s>)BB333@BB   @,ZB]B333@            ?)BB333@,ZB]B333@33BB333@          BB   @33BB   @ffBB   @  smB>s>BB   @ffBB   @,ZB]B333@  smB>s>,ZB]B333@ffBB   @33BB333@           ?,ZB]B333@33BB333@33BB333@           ffBB   @33BB   @BKB   @  smBs>ffBB   @BKB   @33BB333@  smBs>33BB333@BKB   @,ZBB333@           ?33BB333@,ZBB333@33BB333@           BKB   @33BB   @Y8BB   @  NZ"
s>BKB   @Y8BB   @,ZBB333@  NZ"
s>,ZBB333@Y8BB   @)B/B333@           ?,ZBB333@)B/B333@33BB333@           Y8BB   @33BB   @ B]B   @  Z"
Ns>Y8BB   @ B]B   @)B/B333@  Z"
Ns>)B/B333@ B]B   @DoBB333@           ?)B/B333@DoBB333@33BB333@             B]B   @33BB   @33B B   @  mBss> B]B   @33B B   @DoBB333@  mBss>DoBB333@33B B   @33BB333@           ?DoBB333@33BB333@33BB333@            33B B   @33BB   @EB]B   @  mB>ss>33B B   @EB]B   @33BB333@  mB>ss>33BB333@EB]B   @"BB333@           ?33BB333@"BB333@33BB333@            EB]B   @33BB   @.BB   @  Z"
?Ns>EB]B   @.BB   @"BB333@  Z"
?Ns>"BB333@.BB   @=B/B333@           ?"BB333@=B/B333@33BB333@            .BB   @33BB   @pBKB   @  N?Z"
s>.BB   @pBKB   @=B/B333@  N?Z"
s>=B/B333@pBKB   @:BB333@           ?=B/B333@:BB333@33BB333@            pBKB   @33BB   @  BB   @  s?mBs>pBKB   @  BB   @:BB333@  s?mBs>:BB333@  BB   @33BB333@           ?:BB333@33BB333@33BB333@              B33A   @33B33A   @pBWA   @  s?mB>s>  B33A   @pBWA   @33B33A333@  s?mB>s>33B33A333@pBWA   @:BA333@            ?33B33A333@:BA333@33B33A333@           pBWA   @33B33A   @.B(A   @  N?Z"
?s>pBWA   @.B(A   @:BA333@  N?Z"
?s>:BA333@.B(A   @=BGA333@            ?:BA333@=BGA333@33B33A333@           .B(A   @33B33A   @EB_A   @  Z"
?N?s>.B(A   @EB_A   @=BGA333@  Z"
?N?s>=BGA333@EB_A   @"BAA333@            ?=BGA333@"BAA333@33B33A333@           EB_A   @33B33A   @33BA   @  mB>s?s>EB_A   @33BA   @"BAA333@  mB>s?s>"BAA333@33BA   @33B33A333@            ?"BAA333@33B33A333@33B33A333@          33BA   @33B33A   @ B_A   @  mBs?s>33BA   @ B_A   @33B33A333@  mBs?s>33B33A333@ B_A   @DoBAA333@            ?33B33A333@DoBAA333@33B33A333@           B_A   @33B33A   @Y8B(A   @  Z"
N?s> B_A   @Y8B(A   @DoBAA333@  Z"
N?s>DoBAA333@Y8B(A   @)BGA333@            ?DoBAA333@)BGA333@33B33A333@          Y8B(A   @33B33A   @BWA   @  NZ"
?s>Y8B(A   @BWA   @)BGA333@  NZ"
?s>)BGA333@BWA   @,ZBA333@            ?)BGA333@,ZBA333@33B33A333@          BWA   @33B33A   @ffB33A   @  smB>s>BWA   @ffB33A   @,ZBA333@  smB>s>,ZBA333@ffB33A   @33B33A333@           ?,ZBA333@33B33A333@33B33A333@           ffB33A   @33B33A   @BA   @  smBs>ffB33A   @BA   @33B33A333@  smBs>33B33A333@BA   @,ZBUA333@           ?33B33A333@,ZBUA333@33B33A333@           BA   @33B33A   @Y8B~=A   @  NZ"
s>BA   @Y8B~=A   @,ZBUA333@  NZ"
s>,ZBUA333@Y8B~=A   @)B_A333@           ?,ZBUA333@)B_A333@33B33A333@           Y8B~=A   @33B33A   @ BA   @  Z"
Ns>Y8B~=A   @ BA   @)B_A333@  Z"
Ns>)B_A333@ BA   @DoB&A333@           ?)B_A333@DoB&A333@33B33A333@             BA   @33B33A   @33BA   @  mBss> BA   @33BA   @DoB&A333@  mBss>DoB&A333@33BA   @33B33A333@           ?DoB&A333@33B33A333@33B33A333@            33BA   @33B33A   @EBA   @  mB>ss>33BA   @EBA   @33B33A333@  mB>ss>33B33A333@EBA   @"B&A333@           ?33B33A333@"B&A333@33B33A333@            EBA   @33B33A   @.B~=A   @  Z"
?Ns>EBA   @.B~=A   @"B&A333@  Z"
?Ns>"B&A333@.B~=A   @=B_A333@           ?"B&A333@=B_A333@33B33A333@            .B~=A   @33B33A   @pBA   @  N?Z"
s>.B~=A   @pBA   @=B_A333@  N?Z"
s>=B_A333@pBA   @:BUA333@           ?=B_A333@:BUA333@33B33A333@            pBA   @33B33A   @  B33A   @  s?mBs>pBA   @  B33A   @:BUA333@  s?mBs>:BUA333@  B33A   @33B33A333@           ?:BUA333@33B33A333@33B33A333@            H)BB   @{'BB   @)BB   @  s?mB>s>H)BB   @)BB   @{)BB333@  s?mB>s>{)BB333@)BB   @(B]B333@            ?{)BB333@(B]B333@{'BB333@           )BB   @{'BB   @V)BtB   @  N?Z"
?s>)BB   @V)BtB   @(B]B333@  N?Z"
?s>(B]B333@V)BtB   @~(BB333@            ?(B]B333@~(BB333@{'BB333@           V)BtB   @{'BB   @&(B/B   @  Z"
?N?s>V)BtB   @&(B/B   @~(BB333@  Z"
?N?s>~(BB333@&(B/B   @j'BrB333@            ?~(BB333@j'BrB333@{'BB333@           &(B/B   @{'BB   @{'BffB   @  mB>s?s>&(B/B   @{'BffB   @j'BrB333@  mB>s?s>j'BrB333@{'BffB   @{'BB333@            ?j'BrB333@{'BB333@{'BB333@          {'BffB   @{'BB   @,&B/B   @  mBs?s>{'BffB   @,&B/B   @{'BB333@  mBs?s>{'BB333@,&B/B   @P&BrB333@            ?{'BB333@P&BrB333@{'BB333@          ,&B/B   @{'BB   @%BtB   @  Z"
N?s>,&B/B   @%BtB   @P&BrB333@  Z"
N?s>P&BrB333@%BtB   @q%BB333@            ?P&BrB333@q%BB333@{'BB333@          %BtB   @{'BB   @>~$BB   @  NZ"
?s>%BtB   @>~$BB   @q%BB333@  NZ"
?s>q%BB333@>~$BB   @t;%B]B333@            ?q%BB333@t;%B]B333@{'BB333@          >~$BB   @{'BB   @G$BB   @  smB>s>>~$BB   @G$BB   @t;%B]B333@  smB>s>t;%B]B333@G$BB   @{%BB333@           ?t;%B]B333@{%BB333@{'BB333@           G$BB   @{'BB   @>~$BKB   @  smBs>G$BB   @>~$BKB   @{%BB333@  smBs>{%BB333@>~$BKB   @t;%BB333@           ?{%BB333@t;%BB333@{'BB333@           >~$BKB   @{'BB   @%BB   @  NZ"
s>>~$BKB   @%BB   @t;%BB333@  NZ"
s>t;%BB333@%BB   @q%B/B333@           ?t;%BB333@q%B/B333@{'BB333@           %BB   @{'BB   @,&B]B   @  Z"
Ns>%BB   @,&B]B   @q%B/B333@  Z"
Ns>q%B/B333@,&B]B   @P&BB333@           ?q%B/B333@P&BB333@{'BB333@            ,&B]B   @{'BB   @{'B
B   @  mBss>,&B]B   @{'B
B   @P&BB333@  mBss>P&BB333@{'B
B   @{'BB333@           ?P&BB333@{'BB333@{'BB333@            {'B
B   @{'BB   @&(B]B   @  mB>ss>{'B
B   @&(B]B   @{'BB333@  mB>ss>{'BB333@&(B]B   @j'BB333@           ?{'BB333@j'BB333@{'BB333@            &(B]B   @{'BB   @V)BB   @  Z"
?Ns>&(B]B   @V)BB   @j'BB333@  Z"
?Ns>j'BB333@V)BB   @~(B/B333@           ?j'BB333@~(B/B333@{'BB333@            V)BB   @{'BB   @)BKB   @  N?Z"
s>V)BB   @)BKB   @~(B/B333@  N?Z"
s>~(B/B333@)BKB   @(BB333@           ?~(B/B333@(BB333@{'BB333@            )BKB   @{'BB   @H)BB   @  s?mBs>)BKB   @H)BB   @(BB333@  s?mBs>(BB333@H)BB   @{)BB333@           ?(BB333@{)BB333@{'BB333@            H3BB   @{1BB   @3BB   @  s?mB>s>H3BB   @3BB   @{3BB333@  s?mB>s>{3BB333@3BB   @2B]B333@            ?{3BB333@2B]B333@{1BB333@           3BB   @{1BB   @V3BtB   @  N?Z"
?s>3BB   @V3BtB   @2B]B333@  N?Z"
?s>2B]B333@V3BtB   @~2BB333@            ?2B]B333@~2BB333@{1BB333@           V3BtB   @{1BB   @&2B/B   @  Z"
?N?s>V3BtB   @&2B/B   @~2BB333@  Z"
?N?s>~2BB333@&2B/B   @j1BrB333@            ?~2BB333@j1BrB333@{1BB333@           &2B/B   @{1BB   @{1BffB   @  mB>s?s>&2B/B   @{1BffB   @j1BrB333@  mB>s?s>j1BrB333@{1BffB   @{1BB333@            ?j1BrB333@{1BB333@{1BB333@          {1BffB   @{1BB   @,0B/B   @  mBs?s>{1BffB   @,0B/B   @{1BB333@  mBs?s>{1BB333@,0B/B   @P0BrB333@            ?{1BB333@P0BrB333@{1BB333@          ,0B/B   @{1BB   @/BtB   @  Z"
N?s>,0B/B   @/BtB   @P0BrB333@  Z"
N?s>P0BrB333@/BtB   @q/BB333@            ?P0BrB333@q/BB333@{1BB333@          /BtB   @{1BB   @>~.BB   @  NZ"
?s>/BtB   @>~.BB   @q/BB333@  NZ"
?s>q/BB333@>~.BB   @t;/B]B333@            ?q/BB333@t;/B]B333@{1BB333@          >~.BB   @{1BB   @G.BB   @  smB>s>>~.BB   @G.BB   @t;/B]B333@  smB>s>t;/B]B333@G.BB   @{/BB333@           ?t;/B]B333@{/BB333@{1BB333@           G.BB   @{1BB   @>~.BKB   @  smBs>G.BB   @>~.BKB   @{/BB333@  smBs>{/BB333@>~.BKB   @t;/BB333@           ?{/BB333@t;/BB333@{1BB333@           >~.BKB   @{1BB   @/BB   @  NZ"
s>>~.BKB   @/BB   @t;/BB333@  NZ"
s>t;/BB333@/BB   @q/B/B333@           ?t;/BB333@q/B/B333@{1BB333@           /BB   @{1BB   @,0B]B   @  Z"
Ns>/BB   @,0B]B   @q/B/B333@  Z"
Ns>q/B/B333@,0B]B   @P0BB333@           ?q/B/B333@P0BB333@{1BB333@            ,0B]B   @{1BB   @{1B
B   @  mBss>,0B]B   @{1B
B   @P0BB333@  mBss>P0BB333@{1B
B   @{1BB333@           ?P0BB333@{1BB333@{1BB333@            {1B
B   @{1BB   @&2B]B   @  mB>ss>{1B
B   @&2B]B   @{1BB333@  mB>ss>{1BB333@&2B]B   @j1BB333@           ?{1BB333@j1BB333@{1BB333@            &2B]B   @{1BB   @V3BB   @  Z"
?Ns>&2B]B   @V3BB   @j1BB333@  Z"
?Ns>j1BB333@V3BB   @~2B/B333@           ?j1BB333@~2B/B333@{1BB333@            V3BB   @{1BB   @3BKB   @  N?Z"
s>V3BB   @3BKB   @~2B/B333@  N?Z"
s>~2B/B333@3BKB   @2BB333@           ?~2B/B333@2BB333@{1BB333@            3BKB   @{1BB   @H3BB   @  s?mBs>3BKB   @H3BB   @2BB333@  s?mBs>2BB333@H3BB   @{3BB333@           ?2BB333@{3BB333@{1BB333@            H3BB   @{1BB   @3BB   @  s?mB>s>H3BB   @3BB   @{3BB333@  s?mB>s>{3BB333@3BB   @2B]B333@            ?{3BB333@2B]B333@{1BB333@           3BB   @{1BB   @V3BtB   @  N?Z"
?s>3BB   @V3BtB   @2B]B333@  N?Z"
?s>2B]B333@V3BtB   @~2BB333@            ?2B]B333@~2BB333@{1BB333@           V3BtB   @{1BB   @&2B/B   @  Z"
?N?s>V3BtB   @&2B/B   @~2BB333@  Z"
?N?s>~2BB333@&2B/B   @j1BrB333@            ?~2BB333@j1BrB333@{1BB333@           &2B/B   @{1BB   @{1BffB   @  mB>s?s>&2B/B   @{1BffB   @j1BrB333@  mB>s?s>j1BrB333@{1BffB   @{1BB333@            ?j1BrB333@{1BB333@{1BB333@          {1BffB   @{1BB   @,0B/B   @  mBs?s>{1BffB   @,0B/B   @{1BB333@  mBs?s>{1BB333@,0B/B   @P0BrB333@            ?{1BB333@P0BrB333@{1BB333@          ,0B/B   @{1BB   @/BtB   @  Z"
N?s>,0B/B   @/BtB   @P0BrB333@  Z"
N?s>P0BrB333@/BtB   @q/BB333@            ?P0BrB333@q/BB333@{1BB333@          /BtB   @{1BB   @>~.BB   @  NZ"
?s>/BtB   @>~.BB   @q/BB333@  NZ"
?s>q/BB333@>~.BB   @t;/B]B333@            ?q/BB333@t;/B]B333@{1BB333@          >~.BB   @{1BB   @G.BB   @  smB>s>>~.BB   @G.BB   @t;/B]B333@  smB>s>t;/B]B333@G.BB   @{/BB333@           ?t;/B]B333@{/BB333@{1BB333@           G.BB   @{1BB   @>~.BKB   @  smBs>G.BB   @>~.BKB   @{/BB333@  smBs>{/BB333@>~.BKB   @t;/BB333@           ?{/BB333@t;/BB333@{1BB333@           >~.BKB   @{1BB   @/BB   @  NZ"
s>>~.BKB   @/BB   @t;/BB333@  NZ"
s>t;/BB333@/BB   @q/B/B333@           ?t;/BB333@q/B/B333@{1BB333@           /BB   @{1BB   @,0B]B   @  Z"
Ns>/BB   @,0B]B   @q/B/B333@  Z"
Ns>q/B/B333@,0B]B   @P0BB333@           ?q/B/B333@P0BB333@{1BB333@            ,0B]B   @{1BB   @{1B B   @  mBss>,0B]B   @{1B B   @P0BB333@  mBss>P0BB333@{1B B   @{1BB333@           ?P0BB333@{1BB333@{1BB333@            {1B B   @{1BB   @&2B]B   @  mB>ss>{1B B   @&2B]B   @{1BB333@  mB>ss>{1BB333@&2B]B   @j1BB333@           ?{1BB333@j1BB333@{1BB333@            &2B]B   @{1BB   @V3BB   @  Z"
?Ns>&2B]B   @V3BB   @j1BB333@  Z"
?Ns>j1BB333@V3BB   @~2B/B333@           ?j1BB333@~2B/B333@{1BB333@            V3BB   @{1BB   @3BKB   @  N?Z"
s>V3BB   @3BKB   @~2B/B333@  N?Z"
s>~2B/B333@3BKB   @2BB333@           ?~2B/B333@2BB333@{1BB333@            3BKB   @{1BB   @H3BB   @  s?mBs>3BKB   @H3BB   @2BB333@  s?mBs>2BB333@H3BB   @{3BB333@           ?2BB333@{3BB333@{1BB333@            BBB   @?BB   @BBB   @  s?mB>s>BBB   @BBB   @ABB333@  s?mB>s>ABB333@BBB   @AB]B333@            ?ABB333@AB]B333@?BB333@           BBB   @?BB   @ABtB   @  N?Z"
?s>BBB   @ABtB   @AB]B333@  N?Z"
?s>AB]B333@ABtB   @_ABB333@            ?AB]B333@_ABB333@?BB333@           ABtB   @?BB   @AB/B   @  Z"
?N?s>ABtB   @AB/B   @_ABB333@  Z"
?N?s>_ABB333@AB/B   @@BrB333@            ?_ABB333@@BrB333@?BB333@           AB/B   @?BB   @?BffB   @  mB>s?s>AB/B   @?BffB   @@BrB333@  mB>s?s>@BrB333@?BffB   @?BB333@            ?@BrB333@?BB333@?BB333@          ?BffB   @?BB   @t>B/B   @  mBs?s>?BffB   @t>B/B   @?BB333@  mBs?s>?BB333@t>B/B   @1?BrB333@            ??BB333@1?BrB333@?BB333@          t>B/B   @?BB   @=BtB   @  Z"
N?s>t>B/B   @=BtB   @1?BrB333@  Z"
N?s>1?BrB333@=BtB   @>BB333@            ?1?BrB333@>BB333@?BB333@          =BtB   @?BB   @_=BB   @  NZ"
?s>=BtB   @_=BB   @>BB333@  NZ"
?s>>BB333@_=BB   @>B]B333@            ?>BB333@>B]B333@?BB333@          _=BB   @?BB   @(=BB   @  smB>s>_=BB   @(=BB   @>B]B333@  smB>s>>B]B333@(=BB   @=BB333@           ?>B]B333@=BB333@?BB333@           (=BB   @?BB   @_=BKB   @  smBs>(=BB   @_=BKB   @=BB333@  smBs>=BB333@_=BKB   @>BB333@           ?=BB333@>BB333@?BB333@           _=BKB   @?BB   @=BB   @  NZ"
s>_=BKB   @=BB   @>BB333@  NZ"
s>>BB333@=BB   @>B/B333@           ?>BB333@>B/B333@?BB333@           =BB   @?BB   @t>B]B   @  Z"
Ns>=BB   @t>B]B   @>B/B333@  Z"
Ns>>B/B333@t>B]B   @1?BB333@           ?>B/B333@1?BB333@?BB333@            t>B]B   @?BB   @?B
B   @  mBss>t>B]B   @?B
B   @1?BB333@  mBss>1?BB333@?B
B   @?BB333@           ?1?BB333@?BB333@?BB333@            ?B
B   @?BB   @AB]B   @  mB>ss>?B
B   @AB]B   @?BB333@  mB>ss>?BB333@AB]B   @@BB333@           ??BB333@@BB333@?BB333@            AB]B   @?BB   @ABB   @  Z"
?Ns>AB]B   @ABB   @@BB333@  Z"
?Ns>@BB333@ABB   @_AB/B333@           ?@BB333@_AB/B333@?BB333@            ABB   @?BB   @BBKB   @  N?Z"
s>ABB   @BBKB   @_AB/B333@  N?Z"
s>_AB/B333@BBKB   @ABB333@           ?_AB/B333@ABB333@?BB333@            BBKB   @?BB   @BBB   @  s?mBs>BBKB   @BBB   @ABB333@  s?mBs>ABB333@BBB   @ABB333@           ?ABB333@ABB333@?BB333@            LBB   @IBB   @LBB   @  s?mB>s>LBB   @LBB   @KBB333@  s?mB>s>KBB333@LBB   @KB]B333@            ?KBB333@KB]B333@IBB333@           LBB   @IBB   @KBtB   @  N?Z"
?s>LBB   @KBtB   @KB]B333@  N?Z"
?s>KB]B333@KBtB   @_KBB333@            ?KB]B333@_KBB333@IBB333@           KBtB   @IBB   @KB/B   @  Z"
?N?s>KBtB   @KB/B   @_KBB333@  Z"
?N?s>_KBB333@KB/B   @JBrB333@            ?_KBB333@JBrB333@IBB333@           KB/B   @IBB   @IBffB   @  mB>s?s>KB/B   @IBffB   @JBrB333@  mB>s?s>JBrB333@IBffB   @IBB333@            ?JBrB333@IBB333@IBB333@          IBffB   @IBB   @tHB/B   @  mBs?s>IBffB   @tHB/B   @IBB333@  mBs?s>IBB333@tHB/B   @1IBrB333@            ?IBB333@1IBrB333@IBB333@          tHB/B   @IBB   @GBtB   @  Z"
N?s>tHB/B   @GBtB   @1IBrB333@  Z"
N?s>1IBrB333@GBtB   @HBB333@            ?1IBrB333@HBB333@IBB333@          GBtB   @IBB   @_GBB   @  NZ"
?s>GBtB   @_GBB   @HBB333@  NZ"
?s>HBB333@_GBB   @HB]B333@            ?HBB333@HB]B333@IBB333@          _GBB   @IBB   @(GBB   @  smB>s>_GBB   @(GBB   @HB]B333@  smB>s>HB]B333@(GBB   @GBB333@           ?HB]B333@GBB333@IBB333@           (GBB   @IBB   @_GBKB   @  smBs>(GBB   @_GBKB   @GBB333@  smBs>GBB333@_GBKB   @HBB333@           ?GBB333@HBB333@IBB333@           _GBKB   @IBB   @GBB   @  NZ"
s>_GBKB   @GBB   @HBB333@  NZ"
s>HBB333@GBB   @HB/B333@           ?HBB333@HB/B333@IBB333@           GBB   @IBB   @tHB]B   @  Z"
Ns>GBB   @tHB]B   @HB/B333@  Z"
Ns>HB/B333@tHB]B   @1IBB333@           ?HB/B333@1IBB333@IBB333@            tHB]B   @IBB   @IB B   @  mBss>tHB]B   @IB B   @1IBB333@  mBss>1IBB333@IB B   @IBB333@           ?1IBB333@IBB333@IBB333@            IB B   @IBB   @KB]B   @  mB>ss>IB B   @KB]B   @IBB333@  mB>ss>IBB333@KB]B   @JBB333@           ?IBB333@JBB333@IBB333@            KB]B   @IBB   @KBB   @  Z"
?Ns>KB]B   @KBB   @JBB333@  Z"
?Ns>JBB333@KBB   @_KB/B333@           ?JBB333@_KB/B333@IBB333@            KBB   @IBB   @LBKB   @  N?Z"
s>KBB   @LBKB   @_KB/B333@  N?Z"
s>_KB/B333@LBKB   @KBB333@           ?_KB/B333@KBB333@IBB333@            LBKB   @IBB   @LBB   @  s?mBs>LBKB   @LBB   @KBB333@  s?mBs>KBB333@LBB   @KBB333@           ?KBB333@KBB333@IBB333@            ף[BB   @
XBB   @Gm[BB   @  s?mB>s>ף[BB   @Gm[BB   @
ZBB333@  s?mB>s>
ZBB333@Gm[BB   @ZB]B333@            ?
ZBB333@ZB]B333@
XBB333@           Gm[BB   @
XBB   @ZBtB   @  N?Z"
?s>Gm[BB   @ZBtB   @ZB]B333@  N?Z"
?s>ZB]B333@ZBtB   @AZBB333@            ?ZB]B333@AZBB333@
XBB333@           ZBtB   @
XBB   @YYB/B   @  Z"
?N?s>ZBtB   @YYB/B   @AZBB333@  Z"
?N?s>AZBB333@YYB/B   @YBrB333@            ?AZBB333@YBrB333@
XBB333@           YYB/B   @
XBB   @
XBffB   @  mB>s?s>YYB/B   @
XBffB   @YBrB333@  mB>s?s>YBrB333@
XBffB   @
XBB333@            ?YBrB333@
XBB333@
XBB333@          
XBffB   @
XBB   @WB/B   @  mBs?s>
XBffB   @WB/B   @
XBB333@  mBs?s>
XBB333@WB/B   @XBrB333@            ?
XBB333@XBrB333@
XBB333@          WB/B   @
XBB   @0VBtB   @  Z"
N?s>WB/B   @0VBtB   @XBrB333@  Z"
N?s>XBrB333@0VBtB   @ mWBB333@            ?XBrB333@ mWBB333@
XBB333@          0VBtB   @
XBB   @@VBB   @  NZ"
?s>0VBtB   @@VBB   @ mWBB333@  NZ"
?s> mWBB333@@VBB   @VB]B333@            ? mWBB333@VB]B333@
XBB333@          @VBB   @
XBB   @=
VBB   @  smB>s>@VBB   @=
VBB   @VB]B333@  smB>s>VB]B333@=
VBB   @
VBB333@           ?VB]B333@
VBB333@
XBB333@           =
VBB   @
XBB   @@VBKB   @  smBs>=
VBB   @@VBKB   @
VBB333@  smBs>
VBB333@@VBKB   @VBB333@           ?
VBB333@VBB333@
XBB333@           @VBKB   @
XBB   @0VBB   @  NZ"
s>@VBKB   @0VBB   @VBB333@  NZ"
s>VBB333@0VBB   @ mWB/B333@           ?VBB333@ mWB/B333@
XBB333@           0VBB   @
XBB   @WB]B   @  Z"
Ns>0VBB   @WB]B   @ mWB/B333@  Z"
Ns> mWB/B333@WB]B   @XBB333@           ? mWB/B333@XBB333@
XBB333@            WB]B   @
XBB   @
XB
B   @  mBss>WB]B   @
XB
B   @XBB333@  mBss>XBB333@
XB
B   @
XBB333@           ?XBB333@
XBB333@
XBB333@            
XB
B   @
XBB   @YYB]B   @  mB>ss>
XB
B   @YYB]B   @
XBB333@  mB>ss>
XBB333@YYB]B   @YBB333@           ?
XBB333@YBB333@
XBB333@            YYB]B   @
XBB   @ZBB   @  Z"
?Ns>YYB]B   @ZBB   @YBB333@  Z"
?Ns>YBB333@ZBB   @AZB/B333@           ?YBB333@AZB/B333@
XBB333@            ZBB   @
XBB   @Gm[BKB   @  N?Z"
s>ZBB   @Gm[BKB   @AZB/B333@  N?Z"
s>AZB/B333@Gm[BKB   @ZBB333@           ?AZB/B333@ZBB333@
XBB333@            Gm[BKB   @
XBB   @ף[BB   @  s?mBs>Gm[BKB   @ף[BB   @ZBB333@  s?mBs>ZBB333@ף[BB   @
ZBB333@           ?ZBB333@
ZBB333@
XBB333@            ף[BB   @
XBB   @Gm[BB   @  s?mB>s>ף[BB   @Gm[BB   @
ZBB333@  s?mB>s>
ZBB333@Gm[BB   @ZB]B333@            ?
ZBB333@ZB]B333@
XBB333@           Gm[BB   @
XBB   @ZBtB   @  N?Z"
?s>Gm[BB   @ZBtB   @ZB]B333@  N?Z"
?s>ZB]B333@ZBtB   @AZBB333@            ?ZB]B333@AZBB333@
XBB333@           ZBtB   @
XBB   @YYB/B   @  Z"
?N?s>ZBtB   @YYB/B   @AZBB333@  Z"
?N?s>AZBB333@YYB/B   @YBrB333@            ?AZBB333@YBrB333@
XBB333@           YYB/B   @
XBB   @
XBffB   @  mB>s?s>YYB/B   @
XBffB   @YBrB333@  mB>s?s>YBrB333@
XBffB   @
XBB333@            ?YBrB333@
XBB333@
XBB333@          
XBffB   @
XBB   @WB/B   @  mBs?s>
XBffB   @WB/B   @
XBB333@  mBs?s>
XBB333@WB/B   @XBrB333@            ?
XBB333@XBrB333@
XBB333@          WB/B   @
XBB   @0VBtB   @  Z"
N?s>WB/B   @0VBtB   @XBrB333@  Z"
N?s>XBrB333@0VBtB   @ mWBB333@            ?XBrB333@ mWBB333@
XBB333@          0VBtB   @
XBB   @@VBB   @  NZ"
?s>0VBtB   @@VBB   @ mWBB333@  NZ"
?s> mWBB333@@VBB   @VB]B333@            ? mWBB333@VB]B333@
XBB333@          @VBB   @
XBB   @=
VBB   @  smB>s>@VBB   @=
VBB   @VB]B333@  smB>s>VB]B333@=
VBB   @
VBB333@           ?VB]B333@
VBB333@
XBB333@           =
VBB   @
XBB   @@VBKB   @  smBs>=
VBB   @@VBKB   @
VBB333@  smBs>
VBB333@@VBKB   @VBB333@           ?
VBB333@VBB333@
XBB333@           @VBKB   @
XBB   @0VBB   @  NZ"
s>@VBKB   @0VBB   @VBB333@  NZ"
s>VBB333@0VBB   @ mWB/B333@           ?VBB333@ mWB/B333@
XBB333@           0VBB   @
XBB   @WB]B   @  Z"
Ns>0VBB   @WB]B   @ mWB/B333@  Z"
Ns> mWB/B333@WB]B   @XBB333@           ? mWB/B333@XBB333@
XBB333@            WB]B   @
XBB   @
XB B   @  mBss>WB]B   @
XB B   @XBB333@  mBss>XBB333@
XB B   @
XBB333@           ?XBB333@
XBB333@
XBB333@            
XB B   @
XBB   @YYB]B   @  mB>ss>
XB B   @YYB]B   @
XBB333@  mB>ss>
XBB333@YYB]B   @YBB333@           ?
XBB333@YBB333@
XBB333@            YYB]B   @
XBB   @ZBB   @  Z"
?Ns>YYB]B   @ZBB   @YBB333@  Z"
?Ns>YBB333@ZBB   @AZB/B333@           ?YBB333@AZB/B333@
XBB333@            ZBB   @
XBB   @Gm[BKB   @  N?Z"
s>ZBB   @Gm[BKB   @AZB/B333@  N?Z"
s>AZB/B333@Gm[BKB   @ZBB333@           ?AZB/B333@ZBB333@
XBB333@            Gm[BKB   @
XBB   @ף[BB   @  s?mBs>Gm[BKB   @ף[BB   @ZBB333@  s?mBs>ZBB333@ף[BB   @
ZBB333@           ?ZBB333@
ZBB333@
XBB333@            ףeBB   @
bBB   @GmeBB   @  s?mB>s>ףeBB   @GmeBB   @
dBB333@  s?mB>s>
dBB333@GmeBB   @dB]B333@            ?
dBB333@dB]B333@
bBB333@           GmeBB   @
bBB   @dBtB   @  N?Z"
?s>GmeBB   @dBtB   @dB]B333@  N?Z"
?s>dB]B333@dBtB   @AdBB333@            ?dB]B333@AdBB333@
bBB333@           dBtB   @
bBB   @YcB/B   @  Z"
?N?s>dBtB   @YcB/B   @AdBB333@  Z"
?N?s>AdBB333@YcB/B   @cBrB333@            ?AdBB333@cBrB333@
bBB333@           YcB/B   @
bBB   @
bBffB   @  mB>s?s>YcB/B   @
bBffB   @cBrB333@  mB>s?s>cBrB333@
bBffB   @
bBB333@            ?cBrB333@
bBB333@
bBB333@          
bBffB   @
bBB   @aB/B   @  mBs?s>
bBffB   @aB/B   @
bBB333@  mBs?s>
bBB333@aB/B   @bBrB333@            ?
bBB333@bBrB333@
bBB333@          aB/B   @
bBB   @0`BtB   @  Z"
N?s>aB/B   @0`BtB   @bBrB333@  Z"
N?s>bBrB333@0`BtB   @ maBB333@            ?bBrB333@ maBB333@
bBB333@          0`BtB   @
bBB   @@`BB   @  NZ"
?s>0`BtB   @@`BB   @ maBB333@  NZ"
?s> maBB333@@`BB   @`B]B333@            ? maBB333@`B]B333@
bBB333@          @`BB   @
bBB   @=
`BB   @  smB>s>@`BB   @=
`BB   @`B]B333@  smB>s>`B]B333@=
`BB   @
`BB333@           ?`B]B333@
`BB333@
bBB333@           =
`BB   @
bBB   @@`BKB   @  smBs>=
`BB   @@`BKB   @
`BB333@  smBs>
`BB333@@`BKB   @`BB333@           ?
`BB333@`BB333@
bBB333@           @`BKB   @
bBB   @0`BB   @  NZ"
s>@`BKB   @0`BB   @`BB333@  NZ"
s>`BB333@0`BB   @ maB/B333@           ?`BB333@ maB/B333@
bBB333@           0`BB   @
bBB   @aB]B   @  Z"
Ns>0`BB   @aB]B   @ maB/B333@  Z"
Ns> maB/B333@aB]B   @bBB333@           ? maB/B333@bBB333@
bBB333@            aB]B   @
bBB   @
bB
B   @  mBss>aB]B   @
bB
B   @bBB333@  mBss>bBB333@
bB
B   @
bBB333@           ?bBB333@
bBB333@
bBB333@            
bB
B   @
bBB   @YcB]B   @  mB>ss>
bB
B   @YcB]B   @
bBB333@  mB>ss>
bBB333@YcB]B   @cBB333@           ?
bBB333@cBB333@
bBB333@            YcB]B   @
bBB   @dBB   @  Z"
?Ns>YcB]B   @dBB   @cBB333@  Z"
?Ns>cBB333@dBB   @AdB/B333@           ?cBB333@AdB/B333@
bBB333@            dBB   @
bBB   @GmeBKB   @  N?Z"
s>dBB   @GmeBKB   @AdB/B333@  N?Z"
s>AdB/B333@GmeBKB   @dBB333@           ?AdB/B333@dBB333@
bBB333@            GmeBKB   @
bBB   @ףeBB   @  s?mBs>GmeBKB   @ףeBB   @dBB333@  s?mBs>dBB333@ףeBB   @
dBB333@           ?dBB333@
dBB333@
bBB333@            ̤@+B   @ff@+B   @K@,B   @  s?mB>s>̤@+B   @K@,B   @ff@+B333@  s?mB>s>ff@+B333@K@,B   @.@],B333@            ?ff@+B333@.@],B333@ff@+B333@           K@,B   @ff@+B   @<=@t-B   @  N?Z"
?s>K@,B   @<=@t-B   @.@],B333@  N?Z"
?s>.@],B333@<=@t-B   @@-B333@            ?.@],B333@@-B333@ff@+B333@           <=@t-B   @ff@+B   @@/.B   @  Z"
?N?s><=@t-B   @@/.B   @@-B333@  Z"
?N?s>@-B333@@/.B   @߅@r-B333@            ?@-B333@߅@r-B333@ff@+B333@           @/.B   @ff@+B   @ff@ff.B   @  mB>s?s>@/.B   @ff@ff.B   @߅@r-B333@  mB>s?s>߅@r-B333@ff@ff.B   @ff@-B333@            ?߅@r-B333@ff@-B333@ff@+B333@          ff@ff.B   @ff@+B   @Ӆ@/.B   @  mBs?s>ff@ff.B   @Ӆ@/.B   @ff@-B333@  mBs?s>ff@-B333@Ӆ@/.B   @F@r-B333@            ?ff@-B333@F@r-B333@ff@+B333@          Ӆ@/.B   @ff@+B   @"}@t-B   @  Z"
N?s>Ӆ@/.B   @"}@t-B   @F@r-B333@  Z"
N?s>F@r-B333@"}@t-B   @@-B333@            ?F@r-B333@@-B333@ff@+B333@          "}@t-B   @ff@+B   @is@,B   @  NZ"
?s>"}@t-B   @is@,B   @@-B333@  NZ"
?s>@-B333@is@,B   @a<@],B333@            ?@-B333@a<@],B333@ff@+B333@          is@,B   @ff@+B   @  p@+B   @  smB>s>is@,B   @  p@+B   @a<@],B333@  smB>s>a<@],B333@  p@+B   @|@+B333@           ?a<@],B333@|@+B333@ff@+B333@             p@+B   @ff@+B   @is@K*B   @  smBs>  p@+B   @is@K*B   @|@+B333@  smBs>|@+B333@is@K*B   @a<@*B333@           ?|@+B333@a<@*B333@ff@+B333@           is@K*B   @ff@+B   @"}@)B   @  NZ"
s>is@K*B   @"}@)B   @a<@*B333@  NZ"
s>a<@*B333@"}@)B   @@/*B333@           ?a<@*B333@@/*B333@ff@+B333@           "}@)B   @ff@+B   @Ӆ@])B   @  Z"
Ns>"}@)B   @Ӆ@])B   @@/*B333@  Z"
Ns>@/*B333@Ӆ@])B   @F@)B333@           ?@/*B333@F@)B333@ff@+B333@            Ӆ@])B   @ff@+B   @ff@(B   @  mBss>Ӆ@])B   @ff@(B   @F@)B333@  mBss>F@)B333@ff@(B   @ff@)B333@           ?F@)B333@ff@)B333@ff@+B333@            ff@(B   @ff@+B   @@])B   @  mB>ss>ff@(B   @@])B   @ff@)B333@  mB>ss>ff@)B333@@])B   @߅@)B333@           ?ff@)B333@߅@)B333@ff@+B333@            @])B   @ff@+B   @<=@)B   @  Z"
?Ns>@])B   @<=@)B   @߅@)B333@  Z"
?Ns>߅@)B333@<=@)B   @@/*B333@           ?߅@)B333@@/*B333@ff@+B333@            <=@)B   @ff@+B   @K@K*B   @  N?Z"
s><=@)B   @K@K*B   @@/*B333@  N?Z"
s>@/*B333@K@K*B   @.@*B333@           ?@/*B333@.@*B333@ff@+B333@            K@K*B   @ff@+B   @̤@+B   @  s?mBs>K@K*B   @̤@+B   @.@*B333@  s?mBs>.@*B333@̤@+B   @ff@+B333@           ?.@*B333@ff@+B333@ff@+B333@            ̤@!B   @ff@!B   @K@"B   @  s?mB>s>̤@!B   @K@"B   @ff@!B333@  s?mB>s>ff@!B333@K@"B   @.@]"B333@            ?ff@!B333@.@]"B333@ff@!B333@           K@"B   @ff@!B   @<=@t#B   @  N?Z"
?s>K@"B   @<=@t#B   @.@]"B333@  N?Z"
?s>.@]"B333@<=@t#B   @@#B333@            ?.@]"B333@@#B333@ff@!B333@           <=@t#B   @ff@!B   @@/$B   @  Z"
?N?s><=@t#B   @@/$B   @@#B333@  Z"
?N?s>@#B333@@/$B   @߅@r#B333@            ?@#B333@߅@r#B333@ff@!B333@           @/$B   @ff@!B   @ff@ff$B   @  mB>s?s>@/$B   @ff@ff$B   @߅@r#B333@  mB>s?s>߅@r#B333@ff@ff$B   @ff@#B333@            ?߅@r#B333@ff@#B333@ff@!B333@          ff@ff$B   @ff@!B   @Ӆ@/$B   @  mBs?s>ff@ff$B   @Ӆ@/$B   @ff@#B333@  mBs?s>ff@#B333@Ӆ@/$B   @F@r#B333@            ?ff@#B333@F@r#B333@ff@!B333@          Ӆ@/$B   @ff@!B   @"}@t#B   @  Z"
N?s>Ӆ@/$B   @"}@t#B   @F@r#B333@  Z"
N?s>F@r#B333@"}@t#B   @@#B333@            ?F@r#B333@@#B333@ff@!B333@          "}@t#B   @ff@!B   @is@"B   @  NZ"
?s>"}@t#B   @is@"B   @@#B333@  NZ"
?s>@#B333@is@"B   @a<@]"B333@            ?@#B333@a<@]"B333@ff@!B333@          is@"B   @ff@!B   @  p@!B   @  smB>s>is@"B   @  p@!B   @a<@]"B333@  smB>s>a<@]"B333@  p@!B   @|@!B333@           ?a<@]"B333@|@!B333@ff@!B333@             p@!B   @ff@!B   @is@K B   @  smBs>  p@!B   @is@K B   @|@!B333@  smBs>|@!B333@is@K B   @a<@ B333@           ?|@!B333@a<@ B333@ff@!B333@           is@K B   @ff@!B   @"}@B   @  NZ"
s>is@K B   @"}@B   @a<@ B333@  NZ"
s>a<@ B333@"}@B   @@/ B333@           ?a<@ B333@@/ B333@ff@!B333@           "}@B   @ff@!B   @Ӆ@]B   @  Z"
Ns>"}@B   @Ӆ@]B   @@/ B333@  Z"
Ns>@/ B333@Ӆ@]B   @F@B333@           ?@/ B333@F@B333@ff@!B333@            Ӆ@]B   @ff@!B   @ff@B   @  mBss>Ӆ@]B   @ff@B   @F@B333@  mBss>F@B333@ff@B   @ff@B333@           ?F@B333@ff@B333@ff@!B333@            ff@B   @ff@!B   @@]B   @  mB>ss>ff@B   @@]B   @ff@B333@  mB>ss>ff@B333@@]B   @߅@B333@           ?ff@B333@߅@B333@ff@!B333@            @]B   @ff@!B   @<=@B   @  Z"
?Ns>@]B   @<=@B   @߅@B333@  Z"
?Ns>߅@B333@<=@B   @@/ B333@           ?߅@B333@@/ B333@ff@!B333@            <=@B   @ff@!B   @K@K B   @  N?Z"
s><=@B   @K@K B   @@/ B333@  N?Z"
s>@/ B333@K@K B   @.@ B333@           ?@/ B333@.@ B333@ff@!B333@            K@K B   @ff@!B   @̤@!B   @  s?mBs>K@K B   @̤@!B   @.@ B333@  s?mBs>.@ B333@̤@!B   @ff@!B333@           ?.@ B333@ff@!B333@ff@!B333@            @5B   @ff@5B   @K@6B   @  s?mB>s>@5B   @K@6B   @ff@5B333@  s?mB>s>ff@5B333@K@6B   @.@]6B333@            ?ff@5B333@.@]6B333@ff@5B333@           K@6B   @ff@5B   @<=@t7B   @  N?Z"
?s>K@6B   @<=@t7B   @.@]6B333@  N?Z"
?s>.@]6B333@<=@t7B   @@7B333@            ?.@]6B333@@7B333@ff@5B333@           <=@t7B   @ff@5B   @@/8B   @  Z"
?N?s><=@t7B   @@/8B   @@7B333@  Z"
?N?s>@7B333@@/8B   @߅@r7B333@            ?@7B333@߅@r7B333@ff@5B333@           @/8B   @ff@5B   @ff@ff8B   @  mB>s?s>@/8B   @ff@ff8B   @߅@r7B333@  mB>s?s>߅@r7B333@ff@ff8B   @ff@7B333@            ?߅@r7B333@ff@7B333@ff@5B333@          ff@ff8B   @ff@5B   @@/8B   @  mBs?s>ff@ff8B   @@/8B   @ff@7B333@  mBs?s>ff@7B333@@/8B   @F@r7B333@            ?ff@7B333@F@r7B333@ff@5B333@          @/8B   @ff@5B   @@t7B   @  Z"
N?s>@/8B   @@t7B   @F@r7B333@  Z"
N?s>F@r7B333@@t7B   @@7B333@            ?F@r7B333@@7B333@ff@5B333@          @t7B   @ff@5B   @@6B   @  NZ"
?s>@t7B   @@6B   @@7B333@  NZ"
?s>@7B333@@6B   @0@]6B333@            ?@7B333@0@]6B333@ff@5B333@          @6B   @ff@5B   @  @5B   @  smB>s>@6B   @  @5B   @0@]6B333@  smB>s>0@]6B333@  @5B   @ff@5B333@           ?0@]6B333@ff@5B333@ff@5B333@             @5B   @ff@5B   @@K4B   @  smBs>  @5B   @@K4B   @ff@5B333@  smBs>ff@5B333@@K4B   @0@4B333@           ?ff@5B333@0@4B333@ff@5B333@           @K4B   @ff@5B   @@3B   @  NZ"
s>@K4B   @@3B   @0@4B333@  NZ"
s>0@4B333@@3B   @@/4B333@           ?0@4B333@@/4B333@ff@5B333@           @3B   @ff@5B   @@]3B   @  Z"
Ns>@3B   @@]3B   @@/4B333@  Z"
Ns>@/4B333@@]3B   @F@3B333@           ?@/4B333@F@3B333@ff@5B333@            @]3B   @ff@5B   @ff@2B   @  mBss>@]3B   @ff@2B   @F@3B333@  mBss>F@3B333@ff@2B   @ff@3B333@           ?F@3B333@ff@3B333@ff@5B333@            ff@2B   @ff@5B   @@]3B   @  mB>ss>ff@2B   @@]3B   @ff@3B333@  mB>ss>ff@3B333@@]3B   @߅@3B333@           ?ff@3B333@߅@3B333@ff@5B333@            @]3B   @ff@5B   @<=@3B   @  Z"
?Ns>@]3B   @<=@3B   @߅@3B333@  Z"
?Ns>߅@3B333@<=@3B   @@/4B333@           ?߅@3B333@@/4B333@ff@5B333@            <=@3B   @ff@5B   @K@K4B   @  N?Z"
s><=@3B   @K@K4B   @@/4B333@  N?Z"
s>@/4B333@K@K4B   @.@4B333@           ?@/4B333@.@4B333@ff@5B333@            K@K4B   @ff@5B   @@5B   @  s?mBs>K@K4B   @@5B   @.@4B333@  s?mBs>.@4B333@@5B   @ff@5B333@           ?.@4B333@ff@5B333@ff@5B333@            @+B   @ff@+B   @K@,B   @  s?mB>s>@+B   @K@,B   @ff@+B333@  s?mB>s>ff@+B333@K@,B   @.@],B333@            ?ff@+B333@.@],B333@ff@+B333@           K@,B   @ff@+B   @<=@t-B   @  N?Z"
?s>K@,B   @<=@t-B   @.@],B333@  N?Z"
?s>.@],B333@<=@t-B   @@-B333@            ?.@],B333@@-B333@ff@+B333@           <=@t-B   @ff@+B   @@/.B   @  Z"
?N?s><=@t-B   @@/.B   @@-B333@  Z"
?N?s>@-B333@@/.B   @߅@r-B333@            ?@-B333@߅@r-B333@ff@+B333@           @/.B   @ff@+B   @ff@ff.B   @  mB>s?s>@/.B   @ff@ff.B   @߅@r-B333@  mB>s?s>߅@r-B333@ff@ff.B   @ff@-B333@            ?߅@r-B333@ff@-B333@ff@+B333@          ff@ff.B   @ff@+B   @@/.B   @  mBs?s>ff@ff.B   @@/.B   @ff@-B333@  mBs?s>ff@-B333@@/.B   @F@r-B333@            ?ff@-B333@F@r-B333@ff@+B333@          @/.B   @ff@+B   @@t-B   @  Z"
N?s>@/.B   @@t-B   @F@r-B333@  Z"
N?s>F@r-B333@@t-B   @@-B333@            ?F@r-B333@@-B333@ff@+B333@          @t-B   @ff@+B   @@,B   @  NZ"
?s>@t-B   @@,B   @@-B333@  NZ"
?s>@-B333@@,B   @0@],B333@            ?@-B333@0@],B333@ff@+B333@          @,B   @ff@+B   @  @+B   @  smB>s>@,B   @  @+B   @0@],B333@  smB>s>0@],B333@  @+B   @ff@+B333@           ?0@],B333@ff@+B333@ff@+B333@             @+B   @ff@+B   @@K*B   @  smBs>  @+B   @@K*B   @ff@+B333@  smBs>ff@+B333@@K*B   @0@*B333@           ?ff@+B333@0@*B333@ff@+B333@           @K*B   @ff@+B   @@)B   @  NZ"
s>@K*B   @@)B   @0@*B333@  NZ"
s>0@*B333@@)B   @@/*B333@           ?0@*B333@@/*B333@ff@+B333@           @)B   @ff@+B   @@])B   @  Z"
Ns>@)B   @@])B   @@/*B333@  Z"
Ns>@/*B333@@])B   @F@)B333@           ?@/*B333@F@)B333@ff@+B333@            @])B   @ff@+B   @ff@(B   @  mBss>@])B   @ff@(B   @F@)B333@  mBss>F@)B333@ff@(B   @ff@)B333@           ?F@)B333@ff@)B333@ff@+B333@            ff@(B   @ff@+B   @@])B   @  mB>ss>ff@(B   @@])B   @ff@)B333@  mB>ss>ff@)B333@@])B   @߅@)B333@           ?ff@)B333@߅@)B333@ff@+B333@            @])B   @ff@+B   @<=@)B   @  Z"
?Ns>@])B   @<=@)B   @߅@)B333@  Z"
?Ns>߅@)B333@<=@)B   @@/*B333@           ?߅@)B333@@/*B333@ff@+B333@            <=@)B   @ff@+B   @K@K*B   @  N?Z"
s><=@)B   @K@K*B   @@/*B333@  N?Z"
s>@/*B333@K@K*B   @.@*B333@           ?@/*B333@.@*B333@ff@+B333@            K@K*B   @ff@+B   @@+B   @  s?mBs>K@K*B   @@+B   @.@*B333@  s?mBs>.@*B333@@+B   @ff@+B333@           ?.@*B333@ff@+B333@ff@+B333@            RA5B   @A5B   @2KA6B   @  s?mB>s>RA5B   @2KA6B   @A5B333@  s?mB>s>A5B333@2KA6B   @ЊA]6B333@            ?A5B333@ЊA]6B333@A5B333@           2KA6B   @A5B   @nAt7B   @  N?Z"
?s>2KA6B   @nAt7B   @ЊA]6B333@  N?Z"
?s>ЊA]6B333@nAt7B   @A7B333@            ?ЊA]6B333@A7B333@A5B333@           nAt7B   @A5B   @VCA/8B   @  Z"
?N?s>nAt7B   @VCA/8B   @A7B333@  Z"
?N?s>A7B333@VCA/8B   @Ar7B333@            ?A7B333@Ar7B333@A5B333@           VCA/8B   @A5B   @Aff8B   @  mB>s?s>VCA/8B   @Aff8B   @Ar7B333@  mB>s?s>Ar7B333@Aff8B   @A7B333@            ?Ar7B333@A7B333@A5B333@          Aff8B   @A5B   @A/8B   @  mBs?s>Aff8B   @A/8B   @A7B333@  mBs?s>A7B333@A/8B   @ږAr7B333@            ?A7B333@ږAr7B333@A5B333@          A/8B   @A5B   @)At7B   @  Z"
N?s>A/8B   @)At7B   @ږAr7B333@  Z"
N?s>ږAr7B333@)At7B   @JA7B333@            ?ږAr7B333@JA7B333@A5B333@          )At7B   @A5B   @?A6B   @  NZ"
?s>)At7B   @?A6B   @JA7B333@  NZ"
?s>JA7B333@?A6B   @lA]6B333@            ?JA7B333@lA]6B333@A5B333@          ?A6B   @A5B   @A5B   @  smB>s>?A6B   @A5B   @lA]6B333@  smB>s>lA]6B333@A5B   @A5B333@           ?lA]6B333@A5B333@A5B333@           A5B   @A5B   @?AK4B   @  smBs>A5B   @?AK4B   @A5B333@  smBs>A5B333@?AK4B   @lA4B333@           ?A5B333@lA4B333@A5B333@           ?AK4B   @A5B   @)A3B   @  NZ"
s>?AK4B   @)A3B   @lA4B333@  NZ"
s>lA4B333@)A3B   @JA/4B333@           ?lA4B333@JA/4B333@A5B333@           )A3B   @A5B   @A]3B   @  Z"
Ns>)A3B   @A]3B   @JA/4B333@  Z"
Ns>JA/4B333@A]3B   @ږA3B333@           ?JA/4B333@ږA3B333@A5B333@            A]3B   @A5B   @A2B   @  mBss>A]3B   @A2B   @ږA3B333@  mBss>ږA3B333@A2B   @A3B333@           ?ږA3B333@A3B333@A5B333@            A2B   @A5B   @VCA]3B   @  mB>ss>A2B   @VCA]3B   @A3B333@  mB>ss>A3B333@VCA]3B   @A3B333@           ?A3B333@A3B333@A5B333@            VCA]3B   @A5B   @nA3B   @  Z"
?Ns>VCA]3B   @nA3B   @A3B333@  Z"
?Ns>A3B333@nA3B   @A/4B333@           ?A3B333@A/4B333@A5B333@            nA3B   @A5B   @2KAK4B   @  N?Z"
s>nA3B   @2KAK4B   @A/4B333@  N?Z"
s>A/4B333@2KAK4B   @ЊA4B333@           ?A/4B333@ЊA4B333@A5B333@            2KAK4B   @A5B   @RA5B   @  s?mBs>2KAK4B   @RA5B   @ЊA4B333@  s?mBs>ЊA4B333@RA5B   @A5B333@           ?ЊA4B333@A5B333@A5B333@            RA+B   @A+B   @2KA,B   @  s?mB>s>RA+B   @2KA,B   @A+B333@  s?mB>s>A+B333@2KA,B   @ЊA],B333@            ?A+B333@ЊA],B333@A+B333@           2KA,B   @A+B   @nAt-B   @  N?Z"
?s>2KA,B   @nAt-B   @ЊA],B333@  N?Z"
?s>ЊA],B333@nAt-B   @A-B333@            ?ЊA],B333@A-B333@A+B333@           nAt-B   @A+B   @VCA/.B   @  Z"
?N?s>nAt-B   @VCA/.B   @A-B333@  Z"
?N?s>A-B333@VCA/.B   @Ar-B333@            ?A-B333@Ar-B333@A+B333@           VCA/.B   @A+B   @Aff.B   @  mB>s?s>VCA/.B   @Aff.B   @Ar-B333@  mB>s?s>Ar-B333@Aff.B   @A-B333@            ?Ar-B333@A-B333@A+B333@          Aff.B   @A+B   @A/.B   @  mBs?s>Aff.B   @A/.B   @A-B333@  mBs?s>A-B333@A/.B   @ږAr-B333@            ?A-B333@ږAr-B333@A+B333@          A/.B   @A+B   @)At-B   @  Z"
N?s>A/.B   @)At-B   @ږAr-B333@  Z"
N?s>ږAr-B333@)At-B   @JA-B333@            ?ږAr-B333@JA-B333@A+B333@          )At-B   @A+B   @?A,B   @  NZ"
?s>)At-B   @?A,B   @JA-B333@  NZ"
?s>JA-B333@?A,B   @lA],B333@            ?JA-B333@lA],B333@A+B333@          ?A,B   @A+B   @A+B   @  smB>s>?A,B   @A+B   @lA],B333@  smB>s>lA],B333@A+B   @A+B333@           ?lA],B333@A+B333@A+B333@           A+B   @A+B   @?AK*B   @  smBs>A+B   @?AK*B   @A+B333@  smBs>A+B333@?AK*B   @lA*B333@           ?A+B333@lA*B333@A+B333@           ?AK*B   @A+B   @)A)B   @  NZ"
s>?AK*B   @)A)B   @lA*B333@  NZ"
s>lA*B333@)A)B   @JA/*B333@           ?lA*B333@JA/*B333@A+B333@           )A)B   @A+B   @A])B   @  Z"
Ns>)A)B   @A])B   @JA/*B333@  Z"
Ns>JA/*B333@A])B   @ږA)B333@           ?JA/*B333@ږA)B333@A+B333@            A])B   @A+B   @A(B   @  mBss>A])B   @A(B   @ږA)B333@  mBss>ږA)B333@A(B   @A)B333@           ?ږA)B333@A)B333@A+B333@            A(B   @A+B   @VCA])B   @  mB>ss>A(B   @VCA])B   @A)B333@  mB>ss>A)B333@VCA])B   @A)B333@           ?A)B333@A)B333@A+B333@            VCA])B   @A+B   @nA)B   @  Z"
?Ns>VCA])B   @nA)B   @A)B333@  Z"
?Ns>A)B333@nA)B   @A/*B333@           ?A)B333@A/*B333@A+B333@            nA)B   @A+B   @2KAK*B   @  N?Z"
s>nA)B   @2KAK*B   @A/*B333@  N?Z"
s>A/*B333@2KAK*B   @ЊA*B333@           ?A/*B333@ЊA*B333@A+B333@            2KAK*B   @A+B   @RA+B   @  s?mBs>2KAK*B   @RA+B   @ЊA*B333@  s?mBs>ЊA*B333@RA+B   @A+B333@           ?ЊA*B333@A+B333@A+B333@            RA!B   @A!B   @2KA"B   @  s?mB>s>RA!B   @2KA"B   @A!B333@  s?mB>s>A!B333@2KA"B   @ЊA]"B333@            ?A!B333@ЊA]"B333@A!B333@           2KA"B   @A!B   @nAt#B   @  N?Z"
?s>2KA"B   @nAt#B   @ЊA]"B333@  N?Z"
?s>ЊA]"B333@nAt#B   @A#B333@            ?ЊA]"B333@A#B333@A!B333@           nAt#B   @A!B   @VCA/$B   @  Z"
?N?s>nAt#B   @VCA/$B   @A#B333@  Z"
?N?s>A#B333@VCA/$B   @Ar#B333@            ?A#B333@Ar#B333@A!B333@           VCA/$B   @A!B   @Aff$B   @  mB>s?s>VCA/$B   @Aff$B   @Ar#B333@  mB>s?s>Ar#B333@Aff$B   @A#B333@            ?Ar#B333@A#B333@A!B333@          Aff$B   @A!B   @A/$B   @  mBs?s>Aff$B   @A/$B   @A#B333@  mBs?s>A#B333@A/$B   @ږAr#B333@            ?A#B333@ږAr#B333@A!B333@          A/$B   @A!B   @)At#B   @  Z"
N?s>A/$B   @)At#B   @ږAr#B333@  Z"
N?s>ږAr#B333@)At#B   @JA#B333@            ?ږAr#B333@JA#B333@A!B333@          )At#B   @A!B   @?A"B   @  NZ"
?s>)At#B   @?A"B   @JA#B333@  NZ"
?s>JA#B333@?A"B   @lA]"B333@            ?JA#B333@lA]"B333@A!B333@          ?A"B   @A!B   @A!B   @  smB>s>?A"B   @A!B   @lA]"B333@  smB>s>lA]"B333@A!B   @A!B333@           ?lA]"B333@A!B333@A!B333@           A!B   @A!B   @?AK B   @  smBs>A!B   @?AK B   @A!B333@  smBs>A!B333@?AK B   @lA B333@           ?A!B333@lA B333@A!B333@           ?AK B   @A!B   @)AB   @  NZ"
s>?AK B   @)AB   @lA B333@  NZ"
s>lA B333@)AB   @JA/ B333@           ?lA B333@JA/ B333@A!B333@           )AB   @A!B   @A]B   @  Z"
Ns>)AB   @A]B   @JA/ B333@  Z"
Ns>JA/ B333@A]B   @ږAB333@           ?JA/ B333@ږAB333@A!B333@            A]B   @A!B   @AB   @  mBss>A]B   @AB   @ږAB333@  mBss>ږAB333@AB   @AB333@           ?ږAB333@AB333@A!B333@            AB   @A!B   @VCA]B   @  mB>ss>AB   @VCA]B   @AB333@  mB>ss>AB333@VCA]B   @AB333@           ?AB333@AB333@A!B333@            VCA]B   @A!B   @nAB   @  Z"
?Ns>VCA]B   @nAB   @AB333@  Z"
?Ns>AB333@nAB   @A/ B333@           ?AB333@A/ B333@A!B333@            nAB   @A!B   @2KAK B   @  N?Z"
s>nAB   @2KAK B   @A/ B333@  N?Z"
s>A/ B333@2KAK B   @ЊA B333@           ?A/ B333@ЊA B333@A!B333@            2KAK B   @A!B   @RA!B   @  s?mBs>2KAK B   @RA!B   @ЊA B333@  s?mBs>ЊA B333@RA!B   @A!B333@           ?ЊA B333@A!B333@A!B333@            RA5B   @A5B   @2KA6B   @  s?mB>s>RA5B   @2KA6B   @A5B333@  s?mB>s>A5B333@2KA6B   @ОA]6B333@            ?A5B333@ОA]6B333@A5B333@           2KA6B   @A5B   @nAt7B   @  N?Z"
?s>2KA6B   @nAt7B   @ОA]6B333@  N?Z"
?s>ОA]6B333@nAt7B   @A7B333@            ?ОA]6B333@A7B333@A5B333@           nAt7B   @A5B   @VCA/8B   @  Z"
?N?s>nAt7B   @VCA/8B   @A7B333@  Z"
?N?s>A7B333@VCA/8B   @Ar7B333@            ?A7B333@Ar7B333@A5B333@           VCA/8B   @A5B   @Aff8B   @  mB>s?s>VCA/8B   @Aff8B   @Ar7B333@  mB>s?s>Ar7B333@Aff8B   @A7B333@            ?Ar7B333@A7B333@A5B333@          Aff8B   @A5B   @A/8B   @  mBs?s>Aff8B   @A/8B   @A7B333@  mBs?s>A7B333@A/8B   @ږAr7B333@            ?A7B333@ږAr7B333@A5B333@          A/8B   @A5B   @)At7B   @  Z"
N?s>A/8B   @)At7B   @ږAr7B333@  Z"
N?s>ږAr7B333@)At7B   @JA7B333@            ?ږAr7B333@JA7B333@A5B333@          )At7B   @A5B   @?A6B   @  NZ"
?s>)At7B   @?A6B   @JA7B333@  NZ"
?s>JA7B333@?A6B   @lA]6B333@            ?JA7B333@lA]6B333@A5B333@          ?A6B   @A5B   @A5B   @  smB>s>?A6B   @A5B   @lA]6B333@  smB>s>lA]6B333@A5B   @A5B333@           ?lA]6B333@A5B333@A5B333@           A5B   @A5B   @?AK4B   @  smBs>A5B   @?AK4B   @A5B333@  smBs>A5B333@?AK4B   @lA4B333@           ?A5B333@lA4B333@A5B333@           ?AK4B   @A5B   @)A3B   @  NZ"
s>?AK4B   @)A3B   @lA4B333@  NZ"
s>lA4B333@)A3B   @JA/4B333@           ?lA4B333@JA/4B333@A5B333@           )A3B   @A5B   @A]3B   @  Z"
Ns>)A3B   @A]3B   @JA/4B333@  Z"
Ns>JA/4B333@A]3B   @ږA3B333@           ?JA/4B333@ږA3B333@A5B333@            A]3B   @A5B   @A2B   @  mBss>A]3B   @A2B   @ږA3B333@  mBss>ږA3B333@A2B   @A3B333@           ?ږA3B333@A3B333@A5B333@            A2B   @A5B   @VCA]3B   @  mB>ss>A2B   @VCA]3B   @A3B333@  mB>ss>A3B333@VCA]3B   @A3B333@           ?A3B333@A3B333@A5B333@            VCA]3B   @A5B   @nA3B   @  Z"
?Ns>VCA]3B   @nA3B   @A3B333@  Z"
?Ns>A3B333@nA3B   @A/4B333@           ?A3B333@A/4B333@A5B333@            nA3B   @A5B   @2KAK4B   @  N?Z"
s>nA3B   @2KAK4B   @A/4B333@  N?Z"
s>A/4B333@2KAK4B   @ОA4B333@           ?A/4B333@ОA4B333@A5B333@            2KAK4B   @A5B   @RA5B   @  s?mBs>2KAK4B   @RA5B   @ОA4B333@  s?mBs>ОA4B333@RA5B   @A5B333@           ?ОA4B333@A5B333@A5B333@            RA+B   @A+B   @2KA,B   @  s?mB>s>RA+B   @2KA,B   @A+B333@  s?mB>s>A+B333@2KA,B   @ОA],B333@            ?A+B333@ОA],B333@A+B333@           2KA,B   @A+B   @nAt-B   @  N?Z"
?s>2KA,B   @nAt-B   @ОA],B333@  N?Z"
?s>ОA],B333@nAt-B   @A-B333@            ?ОA],B333@A-B333@A+B333@           nAt-B   @A+B   @VCA/.B   @  Z"
?N?s>nAt-B   @VCA/.B   @A-B333@  Z"
?N?s>A-B333@VCA/.B   @Ar-B333@            ?A-B333@Ar-B333@A+B333@           VCA/.B   @A+B   @Aff.B   @  mB>s?s>VCA/.B   @Aff.B   @Ar-B333@  mB>s?s>Ar-B333@Aff.B   @A-B333@            ?Ar-B333@A-B333@A+B333@          Aff.B   @A+B   @A/.B   @  mBs?s>Aff.B   @A/.B   @A-B333@  mBs?s>A-B333@A/.B   @ږAr-B333@            ?A-B333@ږAr-B333@A+B333@          A/.B   @A+B   @)At-B   @  Z"
N?s>A/.B   @)At-B   @ږAr-B333@  Z"
N?s>ږAr-B333@)At-B   @JA-B333@            ?ږAr-B333@JA-B333@A+B333@          )At-B   @A+B   @?A,B   @  NZ"
?s>)At-B   @?A,B   @JA-B333@  NZ"
?s>JA-B333@?A,B   @lA],B333@            ?JA-B333@lA],B333@A+B333@          ?A,B   @A+B   @A+B   @  smB>s>?A,B   @A+B   @lA],B333@  smB>s>lA],B333@A+B   @A+B333@           ?lA],B333@A+B333@A+B333@           A+B   @A+B   @?AK*B   @  smBs>A+B   @?AK*B   @A+B333@  smBs>A+B333@?AK*B   @lA*B333@           ?A+B333@lA*B333@A+B333@           ?AK*B   @A+B   @)A)B   @  NZ"
s>?AK*B   @)A)B   @lA*B333@  NZ"
s>lA*B333@)A)B   @JA/*B333@           ?lA*B333@JA/*B333@A+B333@           )A)B   @A+B   @A])B   @  Z"
Ns>)A)B   @A])B   @JA/*B333@  Z"
Ns>JA/*B333@A])B   @ږA)B333@           ?JA/*B333@ږA)B333@A+B333@            A])B   @A+B   @A(B   @  mBss>A])B   @A(B   @ږA)B333@  mBss>ږA)B333@A(B   @A)B333@           ?ږA)B333@A)B333@A+B333@            A(B   @A+B   @VCA])B   @  mB>ss>A(B   @VCA])B   @A)B333@  mB>ss>A)B333@VCA])B   @A)B333@           ?A)B333@A)B333@A+B333@            VCA])B   @A+B   @nA)B   @  Z"
?Ns>VCA])B   @nA)B   @A)B333@  Z"
?Ns>A)B333@nA)B   @A/*B333@           ?A)B333@A/*B333@A+B333@            nA)B   @A+B   @2KAK*B   @  N?Z"
s>nA)B   @2KAK*B   @A/*B333@  N?Z"
s>A/*B333@2KAK*B   @ОA*B333@           ?A/*B333@ОA*B333@A+B333@            2KAK*B   @A+B   @RA+B   @  s?mBs>2KAK*B   @RA+B   @ОA*B333@  s?mBs>ОA*B333@RA+B   @A+B333@           ?ОA*B333@A+B333@A+B333@            zA5B   @HA5B   @A6B   @  s?mB>s>zA5B   @A6B   @HA5B333@  s?mB>s>HA5B333@A6B   @UA]6B333@            ?HA5B333@UA]6B333@HA5B333@           A6B   @HA5B   @ּAt7B   @  N?Z"
?s>A6B   @ּAt7B   @UA]6B333@  N?Z"
?s>UA]6B333@ּAt7B   @[A7B333@            ?UA]6B333@[A7B333@HA5B333@           ּAt7B   @HA5B   @A/8B   @  Z"
?N?s>ּAt7B   @A/8B   @[A7B333@  Z"
?N?s>[A7B333@A/8B   @&iAr7B333@            ?[A7B333@&iAr7B333@HA5B333@           A/8B   @HA5B   @HAff8B   @  mB>s?s>A/8B   @HAff8B   @&iAr7B333@  mB>s?s>&iAr7B333@HAff8B   @HA7B333@            ?&iAr7B333@HA7B333@HA5B333@          HAff8B   @HA5B   @A/8B   @  mBs?s>HAff8B   @A/8B   @HA7B333@  mBs?s>HA7B333@A/8B   @jYAr7B333@            ?HA7B333@jYAr7B333@HA5B333@          A/8B   @HA5B   @At7B   @  Z"
N?s>A/8B   @At7B   @jYAr7B333@  Z"
N?s>jYAr7B333@At7B   @4A7B333@            ?jYAr7B333@4A7B333@HA5B333@          At7B   @HA5B   @δA6B   @  NZ"
?s>At7B   @δA6B   @4A7B333@  NZ"
?s>4A7B333@δA6B   @:/A]6B333@            ?4A7B333@:/A]6B333@HA5B333@          δA6B   @HA5B   @GA5B   @  smB>s>δA6B   @GA5B   @:/A]6B333@  smB>s>:/A]6B333@GA5B   @HA5B333@           ?:/A]6B333@HA5B333@HA5B333@           GA5B   @HA5B   @δAK4B   @  smBs>GA5B   @δAK4B   @HA5B333@  smBs>HA5B333@δAK4B   @:/A4B333@           ?HA5B333@:/A4B333@HA5B333@           δAK4B   @HA5B   @A3B   @  NZ"
s>δAK4B   @A3B   @:/A4B333@  NZ"
s>:/A4B333@A3B   @4A/4B333@           ?:/A4B333@4A/4B333@HA5B333@           A3B   @HA5B   @A]3B   @  Z"
Ns>A3B   @A]3B   @4A/4B333@  Z"
Ns>4A/4B333@A]3B   @jYA3B333@           ?4A/4B333@jYA3B333@HA5B333@            A]3B   @HA5B   @HA2B   @  mBss>A]3B   @HA2B   @jYA3B333@  mBss>jYA3B333@HA2B   @HA3B333@           ?jYA3B333@HA3B333@HA5B333@            HA2B   @HA5B   @A]3B   @  mB>ss>HA2B   @A]3B   @HA3B333@  mB>ss>HA3B333@A]3B   @&iA3B333@           ?HA3B333@&iA3B333@HA5B333@            A]3B   @HA5B   @ּA3B   @  Z"
?Ns>A]3B   @ּA3B   @&iA3B333@  Z"
?Ns>&iA3B333@ּA3B   @[A/4B333@           ?&iA3B333@[A/4B333@HA5B333@            ּA3B   @HA5B   @AK4B   @  N?Z"
s>ּA3B   @AK4B   @[A/4B333@  N?Z"
s>[A/4B333@AK4B   @UA4B333@           ?[A/4B333@UA4B333@HA5B333@            AK4B   @HA5B   @zA5B   @  s?mBs>AK4B   @zA5B   @UA4B333@  s?mBs>UA4B333@zA5B   @HA5B333@           ?UA4B333@HA5B333@HA5B333@            zA!B   @HA!B   @A"B   @  s?mB>s>zA!B   @A"B   @HA!B333@  s?mB>s>HA!B333@A"B   @UA]"B333@            ?HA!B333@UA]"B333@HA!B333@           A"B   @HA!B   @ּAt#B   @  N?Z"
?s>A"B   @ּAt#B   @UA]"B333@  N?Z"
?s>UA]"B333@ּAt#B   @[A#B333@            ?UA]"B333@[A#B333@HA!B333@           ּAt#B   @HA!B   @A/$B   @  Z"
?N?s>ּAt#B   @A/$B   @[A#B333@  Z"
?N?s>[A#B333@A/$B   @&iAr#B333@            ?[A#B333@&iAr#B333@HA!B333@           A/$B   @HA!B   @HAff$B   @  mB>s?s>A/$B   @HAff$B   @&iAr#B333@  mB>s?s>&iAr#B333@HAff$B   @HA#B333@            ?&iAr#B333@HA#B333@HA!B333@          HAff$B   @HA!B   @A/$B   @  mBs?s>HAff$B   @A/$B   @HA#B333@  mBs?s>HA#B333@A/$B   @jYAr#B333@            ?HA#B333@jYAr#B333@HA!B333@          A/$B   @HA!B   @At#B   @  Z"
N?s>A/$B   @At#B   @jYAr#B333@  Z"
N?s>jYAr#B333@At#B   @4A#B333@            ?jYAr#B333@4A#B333@HA!B333@          At#B   @HA!B   @δA"B   @  NZ"
?s>At#B   @δA"B   @4A#B333@  NZ"
?s>4A#B333@δA"B   @:/A]"B333@            ?4A#B333@:/A]"B333@HA!B333@          δA"B   @HA!B   @GA!B   @  smB>s>δA"B   @GA!B   @:/A]"B333@  smB>s>:/A]"B333@GA!B   @HA!B333@           ?:/A]"B333@HA!B333@HA!B333@           GA!B   @HA!B   @δAK B   @  smBs>GA!B   @δAK B   @HA!B333@  smBs>HA!B333@δAK B   @:/A B333@           ?HA!B333@:/A B333@HA!B333@           δAK B   @HA!B   @AB   @  NZ"
s>δAK B   @AB   @:/A B333@  NZ"
s>:/A B333@AB   @4A/ B333@           ?:/A B333@4A/ B333@HA!B333@           AB   @HA!B   @A]B   @  Z"
Ns>AB   @A]B   @4A/ B333@  Z"
Ns>4A/ B333@A]B   @jYAB333@           ?4A/ B333@jYAB333@HA!B333@            A]B   @HA!B   @HAB   @  mBss>A]B   @HAB   @jYAB333@  mBss>jYAB333@HAB   @HAB333@           ?jYAB333@HAB333@HA!B333@            HAB   @HA!B   @A]B   @  mB>ss>HAB   @A]B   @HAB333@  mB>ss>HAB333@A]B   @&iAB333@           ?HAB333@&iAB333@HA!B333@            A]B   @HA!B   @ּAB   @  Z"
?Ns>A]B   @ּAB   @&iAB333@  Z"
?Ns>&iAB333@ּAB   @[A/ B333@           ?&iAB333@[A/ B333@HA!B333@            ּAB   @HA!B   @AK B   @  N?Z"
s>ּAB   @AK B   @[A/ B333@  N?Z"
s>[A/ B333@AK B   @UA B333@           ?[A/ B333@UA B333@HA!B333@            AK B   @HA!B   @zA!B   @  s?mBs>AK B   @zA!B   @UA B333@  s?mBs>UA B333@zA!B   @HA!B333@           ?UA B333@HA!B333@HA!B333@            zA!B   @HA!B   @A"B   @  s?mB>s>zA!B   @A"B   @HA!B333@  s?mB>s>HA!B333@A"B   @UA]"B333@            ?HA!B333@UA]"B333@HA!B333@           A"B   @HA!B   @At#B   @  N?Z"
?s>A"B   @At#B   @UA]"B333@  N?Z"
?s>UA]"B333@At#B   @[A#B333@            ?UA]"B333@[A#B333@HA!B333@           At#B   @HA!B   @A/$B   @  Z"
?N?s>At#B   @A/$B   @[A#B333@  Z"
?N?s>[A#B333@A/$B   @&iAr#B333@            ?[A#B333@&iAr#B333@HA!B333@           A/$B   @HA!B   @HAff$B   @  mB>s?s>A/$B   @HAff$B   @&iAr#B333@  mB>s?s>&iAr#B333@HAff$B   @HA#B333@            ?&iAr#B333@HA#B333@HA!B333@          HAff$B   @HA!B   @A/$B   @  mBs?s>HAff$B   @A/$B   @HA#B333@  mBs?s>HA#B333@A/$B   @jYAr#B333@            ?HA#B333@jYAr#B333@HA!B333@          A/$B   @HA!B   @At#B   @  Z"
N?s>A/$B   @At#B   @jYAr#B333@  Z"
N?s>jYAr#B333@At#B   @4A#B333@            ?jYAr#B333@4A#B333@HA!B333@          At#B   @HA!B   @δA"B   @  NZ"
?s>At#B   @δA"B   @4A#B333@  NZ"
?s>4A#B333@δA"B   @:/A]"B333@            ?4A#B333@:/A]"B333@HA!B333@          δA"B   @HA!B   @GA!B   @  smB>s>δA"B   @GA!B   @:/A]"B333@  smB>s>:/A]"B333@GA!B   @HA!B333@           ?:/A]"B333@HA!B333@HA!B333@           GA!B   @HA!B   @δAK B   @  smBs>GA!B   @δAK B   @HA!B333@  smBs>HA!B333@δAK B   @:/A B333@           ?HA!B333@:/A B333@HA!B333@           δAK B   @HA!B   @AB   @  NZ"
s>δAK B   @AB   @:/A B333@  NZ"
s>:/A B333@AB   @4A/ B333@           ?:/A B333@4A/ B333@HA!B333@           AB   @HA!B   @A]B   @  Z"
Ns>AB   @A]B   @4A/ B333@  Z"
Ns>4A/ B333@A]B   @jYAB333@           ?4A/ B333@jYAB333@HA!B333@            A]B   @HA!B   @HAB   @  mBss>A]B   @HAB   @jYAB333@  mBss>jYAB333@HAB   @HAB333@           ?jYAB333@HAB333@HA!B333@            HAB   @HA!B   @A]B   @  mB>ss>HAB   @A]B   @HAB333@  mB>ss>HAB333@A]B   @&iAB333@           ?HAB333@&iAB333@HA!B333@            A]B   @HA!B   @AB   @  Z"
?Ns>A]B   @AB   @&iAB333@  Z"
?Ns>&iAB333@AB   @[A/ B333@           ?&iAB333@[A/ B333@HA!B333@            AB   @HA!B   @AK B   @  N?Z"
s>AB   @AK B   @[A/ B333@  N?Z"
s>[A/ B333@AK B   @UA B333@           ?[A/ B333@UA B333@HA!B333@            AK B   @HA!B   @zA!B   @  s?mBs>AK B   @zA!B   @UA B333@  s?mBs>UA B333@zA!B   @HA!B333@           ?UA B333@HA!B333@HA!B333@            q=A+B   @ףA+B   @PA,B   @  s?mB>s>q=A+B   @PA,B   @ףA+B333@  s?mB>s>ףA+B333@PA,B   @UA],B333@            ?ףA+B333@UA],B333@ףA+B333@           PA,B   @ףA+B   @At-B   @  N?Z"
?s>PA,B   @At-B   @UA],B333@  N?Z"
?s>UA],B333@At-B   @wA-B333@            ?UA],B333@wA-B333@ףA+B333@           At-B   @ףA+B   @tA/.B   @  Z"
?N?s>At-B   @tA/.B   @wA-B333@  Z"
?N?s>wA-B333@tA/.B   @+Ar-B333@            ?wA-B333@+Ar-B333@ףA+B333@           tA/.B   @ףA+B   @ףAff.B   @  mB>s?s>tA/.B   @ףAff.B   @+Ar-B333@  mB>s?s>+Ar-B333@ףAff.B   @ףA-B333@            ?+Ar-B333@ףA-B333@ףA+B333@          ףAff.B   @ףA+B   @:A/.B   @  mBs?s>ףAff.B   @:A/.B   @ףA-B333@  mBs?s>ףA-B333@:A/.B   @Ar-B333@            ?ףA-B333@Ar-B333@ףA+B333@          :A/.B   @ףA+B   @"At-B   @  Z"
N?s>:A/.B   @"At-B   @Ar-B333@  Z"
N?s>Ar-B333@"At-B   @A-B333@            ?Ar-B333@A-B333@ףA+B333@          "At-B   @ףA+B   @^wA,B   @  NZ"
?s>"At-B   @^wA,B   @A-B333@  NZ"
?s>A-B333@^wA,B   @A],B333@            ?A-B333@A],B333@ףA+B333@          ^wA,B   @ףA+B   @=
A+B   @  smB>s>^wA,B   @=
A+B   @A],B333@  smB>s>A],B333@=
A+B   @ףA+B333@           ?A],B333@ףA+B333@ףA+B333@           =
A+B   @ףA+B   @^wAK*B   @  smBs>=
A+B   @^wAK*B   @ףA+B333@  smBs>ףA+B333@^wAK*B   @A*B333@           ?ףA+B333@A*B333@ףA+B333@           ^wAK*B   @ףA+B   @"A)B   @  NZ"
s>^wAK*B   @"A)B   @A*B333@  NZ"
s>A*B333@"A)B   @A/*B333@           ?A*B333@A/*B333@ףA+B333@           "A)B   @ףA+B   @:A])B   @  Z"
Ns>"A)B   @:A])B   @A/*B333@  Z"
Ns>A/*B333@:A])B   @A)B333@           ?A/*B333@A)B333@ףA+B333@            :A])B   @ףA+B   @ףA(B   @  mBss>:A])B   @ףA(B   @A)B333@  mBss>A)B333@ףA(B   @ףA)B333@           ?A)B333@ףA)B333@ףA+B333@            ףA(B   @ףA+B   @tA])B   @  mB>ss>ףA(B   @tA])B   @ףA)B333@  mB>ss>ףA)B333@tA])B   @+A)B333@           ?ףA)B333@+A)B333@ףA+B333@            tA])B   @ףA+B   @A)B   @  Z"
?Ns>tA])B   @A)B   @+A)B333@  Z"
?Ns>+A)B333@A)B   @wA/*B333@           ?+A)B333@wA/*B333@ףA+B333@            A)B   @ףA+B   @PAK*B   @  N?Z"
s>A)B   @PAK*B   @wA/*B333@  N?Z"
s>wA/*B333@PAK*B   @UA*B333@           ?wA/*B333@UA*B333@ףA+B333@            PAK*B   @ףA+B   @q=A+B   @  s?mBs>PAK*B   @q=A+B   @UA*B333@  s?mBs>UA*B333@q=A+B   @ףA+B333@           ?UA*B333@ףA+B333@ףA+B333@            B5B   @ףA5B   @(B6B   @  s?mB>s>B5B   @(B6B   @QB5B333@  s?mB>s>QB5B333@(B6B   @*B]6B333@            ?QB5B333@*B]6B333@ףA5B333@           (B6B   @ףA5B   @LBt7B   @  N?Z"
?s>(B6B   @LBt7B   @*B]6B333@  N?Z"
?s>*B]6B333@LBt7B   @ B7B333@            ?*B]6B333@ B7B333@ףA5B333@           LBt7B   @ףA5B   @:d B/8B   @  Z"
?N?s>LBt7B   @:d B/8B   @ B7B333@  Z"
?N?s> B7B333@:d B/8B   @ Br7B333@            ? B7B333@ Br7B333@ףA5B333@           :d B/8B   @ףA5B   @ףAff8B   @  mB>s?s>:d B/8B   @ףAff8B   @ Br7B333@  mB>s?s> Br7B333@ףAff8B   @ףA7B333@            ? Br7B333@ףA7B333@ףA5B333@          ףAff8B   @ףA5B   @:A/8B   @  mBs?s>ףAff8B   @:A/8B   @ףA7B333@  mBs?s>ףA7B333@:A/8B   @Ar7B333@            ?ףA7B333@Ar7B333@ףA5B333@          :A/8B   @ףA5B   @"At7B   @  Z"
N?s>:A/8B   @"At7B   @Ar7B333@  Z"
N?s>Ar7B333@"At7B   @A7B333@            ?Ar7B333@A7B333@ףA5B333@          "At7B   @ףA5B   @^wA6B   @  NZ"
?s>"At7B   @^wA6B   @A7B333@  NZ"
?s>A7B333@^wA6B   @A]6B333@            ?A7B333@A]6B333@ףA5B333@          ^wA6B   @ףA5B   @=
A5B   @  smB>s>^wA6B   @=
A5B   @A]6B333@  smB>s>A]6B333@=
A5B   @ףA5B333@           ?A]6B333@ףA5B333@ףA5B333@           =
A5B   @ףA5B   @^wAK4B   @  smBs>=
A5B   @^wAK4B   @ףA5B333@  smBs>ףA5B333@^wAK4B   @A4B333@           ?ףA5B333@A4B333@ףA5B333@           ^wAK4B   @ףA5B   @"A3B   @  NZ"
s>^wAK4B   @"A3B   @A4B333@  NZ"
s>A4B333@"A3B   @A/4B333@           ?A4B333@A/4B333@ףA5B333@           "A3B   @ףA5B   @:A]3B   @  Z"
Ns>"A3B   @:A]3B   @A/4B333@  Z"
Ns>A/4B333@:A]3B   @A3B333@           ?A/4B333@A3B333@ףA5B333@            :A]3B   @ףA5B   @ףA2B   @  mBss>:A]3B   @ףA2B   @A3B333@  mBss>A3B333@ףA2B   @ףA3B333@           ?A3B333@ףA3B333@ףA5B333@            ףA2B   @ףA5B   @:d B]3B   @  mB>ss>ףA2B   @:d B]3B   @ףA3B333@  mB>ss>ףA3B333@:d B]3B   @ B3B333@           ?ףA3B333@ B3B333@ףA5B333@            :d B]3B   @ףA5B   @LB3B   @  Z"
?Ns>:d B]3B   @LB3B   @ B3B333@  Z"
?Ns> B3B333@LB3B   @ B/4B333@           ? B3B333@ B/4B333@ףA5B333@            LB3B   @ףA5B   @(BK4B   @  N?Z"
s>LB3B   @(BK4B   @ B/4B333@  N?Z"
s> B/4B333@(BK4B   @*B4B333@           ? B/4B333@*B4B333@ףA5B333@            (BK4B   @ףA5B   @B5B   @  s?mBs>(BK4B   @B5B   @*B4B333@  s?mBs>*B4B333@B5B   @QB5B333@           ?*B4B333@QB5B333@ףA5B333@              B5B   @33B5B   @pB6B   @  s?mB>s>  B5B   @pB6B   @33B5B333@  s?mB>s>33B5B333@pB6B   @:B]6B333@            ?33B5B333@:B]6B333@33B5B333@           pB6B   @33B5B   @.Bt7B   @  N?Z"
?s>pB6B   @.Bt7B   @:B]6B333@  N?Z"
?s>:B]6B333@.Bt7B   @=B7B333@            ?:B]6B333@=B7B333@33B5B333@           .Bt7B   @33B5B   @EB/8B   @  Z"
?N?s>.Bt7B   @EB/8B   @=B7B333@  Z"
?N?s>=B7B333@EB/8B   @"Br7B333@            ?=B7B333@"Br7B333@33B5B333@           EB/8B   @33B5B   @33Bff8B   @  mB>s?s>EB/8B   @33Bff8B   @"Br7B333@  mB>s?s>"Br7B333@33Bff8B   @33B7B333@            ?"Br7B333@33B7B333@33B5B333@          33Bff8B   @33B5B   @ B/8B   @  mBs?s>33Bff8B   @ B/8B   @33B7B333@  mBs?s>33B7B333@ B/8B   @DoBr7B333@            ?33B7B333@DoBr7B333@33B5B333@           B/8B   @33B5B   @Y8Bt7B   @  Z"
N?s> B/8B   @Y8Bt7B   @DoBr7B333@  Z"
N?s>DoBr7B333@Y8Bt7B   @)B7B333@            ?DoBr7B333@)B7B333@33B5B333@          Y8Bt7B   @33B5B   @B6B   @  NZ"
?s>Y8Bt7B   @B6B   @)B7B333@  NZ"
?s>)B7B333@B6B   @,ZB]6B333@            ?)B7B333@,ZB]6B333@33B5B333@          B6B   @33B5B   @ffB5B   @  smB>s>B6B   @ffB5B   @,ZB]6B333@  smB>s>,ZB]6B333@ffB5B   @33B5B333@           ?,ZB]6B333@33B5B333@33B5B333@           ffB5B   @33B5B   @BK4B   @  smBs>ffB5B   @BK4B   @33B5B333@  smBs>33B5B333@BK4B   @,ZB4B333@           ?33B5B333@,ZB4B333@33B5B333@           BK4B   @33B5B   @Y8B3B   @  NZ"
s>BK4B   @Y8B3B   @,ZB4B333@  NZ"
s>,ZB4B333@Y8B3B   @)B/4B333@           ?,ZB4B333@)B/4B333@33B5B333@           Y8B3B   @33B5B   @ B]3B   @  Z"
Ns>Y8B3B   @ B]3B   @)B/4B333@  Z"
Ns>)B/4B333@ B]3B   @DoB3B333@           ?)B/4B333@DoB3B333@33B5B333@             B]3B   @33B5B   @33B2B   @  mBss> B]3B   @33B2B   @DoB3B333@  mBss>DoB3B333@33B2B   @33B3B333@           ?DoB3B333@33B3B333@33B5B333@            33B2B   @33B5B   @EB]3B   @  mB>ss>33B2B   @EB]3B   @33B3B333@  mB>ss>33B3B333@EB]3B   @"B3B333@           ?33B3B333@"B3B333@33B5B333@            EB]3B   @33B5B   @.B3B   @  Z"
?Ns>EB]3B   @.B3B   @"B3B333@  Z"
?Ns>"B3B333@.B3B   @=B/4B333@           ?"B3B333@=B/4B333@33B5B333@            .B3B   @33B5B   @pBK4B   @  N?Z"
s>.B3B   @pBK4B   @=B/4B333@  N?Z"
s>=B/4B333@pBK4B   @:B4B333@           ?=B/4B333@:B4B333@33B5B333@            pBK4B   @33B5B   @  B5B   @  s?mBs>pBK4B   @  B5B   @:B4B333@  s?mBs>:B4B333@  B5B   @33B5B333@           ?:B4B333@33B5B333@33B5B333@              B5B   @33B5B   @pB6B   @  s?mB>s>  B5B   @pB6B   @33B5B333@  s?mB>s>33B5B333@pB6B   @:B]6B333@            ?33B5B333@:B]6B333@33B5B333@           pB6B   @33B5B   @.Bt7B   @  N?Z"
?s>pB6B   @.Bt7B   @:B]6B333@  N?Z"
?s>:B]6B333@.Bt7B   @=B7B333@            ?:B]6B333@=B7B333@33B5B333@           .Bt7B   @33B5B   @EB/8B   @  Z"
?N?s>.Bt7B   @EB/8B   @=B7B333@  Z"
?N?s>=B7B333@EB/8B   @"Br7B333@            ?=B7B333@"Br7B333@33B5B333@           EB/8B   @33B5B   @33Bff8B   @  mB>s?s>EB/8B   @33Bff8B   @"Br7B333@  mB>s?s>"Br7B333@33Bff8B   @33B7B333@            ?"Br7B333@33B7B333@33B5B333@          33Bff8B   @33B5B   @ B/8B   @  mBs?s>33Bff8B   @ B/8B   @33B7B333@  mBs?s>33B7B333@ B/8B   @DoBr7B333@            ?33B7B333@DoBr7B333@33B5B333@           B/8B   @33B5B   @Y8Bt7B   @  Z"
N?s> B/8B   @Y8Bt7B   @DoBr7B333@  Z"
N?s>DoBr7B333@Y8Bt7B   @)B7B333@            ?DoBr7B333@)B7B333@33B5B333@          Y8Bt7B   @33B5B   @B6B   @  NZ"
?s>Y8Bt7B   @B6B   @)B7B333@  NZ"
?s>)B7B333@B6B   @,ZB]6B333@            ?)B7B333@,ZB]6B333@33B5B333@          B6B   @33B5B   @ffB5B   @  smB>s>B6B   @ffB5B   @,ZB]6B333@  smB>s>,ZB]6B333@ffB5B   @33B5B333@           ?,ZB]6B333@33B5B333@33B5B333@           ffB5B   @33B5B   @BK4B   @  smBs>ffB5B   @BK4B   @33B5B333@  smBs>33B5B333@BK4B   @,ZB4B333@           ?33B5B333@,ZB4B333@33B5B333@           BK4B   @33B5B   @Y8B3B   @  NZ"
s>BK4B   @Y8B3B   @,ZB4B333@  NZ"
s>,ZB4B333@Y8B3B   @)B/4B333@           ?,ZB4B333@)B/4B333@33B5B333@           Y8B3B   @33B5B   @ B]3B   @  Z"
Ns>Y8B3B   @ B]3B   @)B/4B333@  Z"
Ns>)B/4B333@ B]3B   @DoB3B333@           ?)B/4B333@DoB3B333@33B5B333@             B]3B   @33B5B   @33B2B   @  mBss> B]3B   @33B2B   @DoB3B333@  mBss>DoB3B333@33B2B   @33B3B333@           ?DoB3B333@33B3B333@33B5B333@            33B2B   @33B5B   @EB]3B   @  mB>ss>33B2B   @EB]3B   @33B3B333@  mB>ss>33B3B333@EB]3B   @"B3B333@           ?33B3B333@"B3B333@33B5B333@            EB]3B   @33B5B   @.B3B   @  Z"
?Ns>EB]3B   @.B3B   @"B3B333@  Z"
?Ns>"B3B333@.B3B   @=B/4B333@           ?"B3B333@=B/4B333@33B5B333@            .B3B   @33B5B   @pBK4B   @  N?Z"
s>.B3B   @pBK4B   @=B/4B333@  N?Z"
s>=B/4B333@pBK4B   @:B4B333@           ?=B/4B333@:B4B333@33B5B333@            pBK4B   @33B5B   @  B5B   @  s?mBs>pBK4B   @  B5B   @:B4B333@  s?mBs>:B4B333@  B5B   @33B5B333@           ?:B4B333@33B5B333@33B5B333@            H)B5B   @{'B5B   @)B6B   @  s?mB>s>H)B5B   @)B6B   @{)B5B333@  s?mB>s>{)B5B333@)B6B   @(B]6B333@            ?{)B5B333@(B]6B333@{'B5B333@           )B6B   @{'B5B   @V)Bt7B   @  N?Z"
?s>)B6B   @V)Bt7B   @(B]6B333@  N?Z"
?s>(B]6B333@V)Bt7B   @~(B7B333@            ?(B]6B333@~(B7B333@{'B5B333@           V)Bt7B   @{'B5B   @&(B/8B   @  Z"
?N?s>V)Bt7B   @&(B/8B   @~(B7B333@  Z"
?N?s>~(B7B333@&(B/8B   @j'Br7B333@            ?~(B7B333@j'Br7B333@{'B5B333@           &(B/8B   @{'B5B   @{'Bff8B   @  mB>s?s>&(B/8B   @{'Bff8B   @j'Br7B333@  mB>s?s>j'Br7B333@{'Bff8B   @{'B7B333@            ?j'Br7B333@{'B7B333@{'B5B333@          {'Bff8B   @{'B5B   @,&B/8B   @  mBs?s>{'Bff8B   @,&B/8B   @{'B7B333@  mBs?s>{'B7B333@,&B/8B   @P&Br7B333@            ?{'B7B333@P&Br7B333@{'B5B333@          ,&B/8B   @{'B5B   @%Bt7B   @  Z"
N?s>,&B/8B   @%Bt7B   @P&Br7B333@  Z"
N?s>P&Br7B333@%Bt7B   @q%B7B333@            ?P&Br7B333@q%B7B333@{'B5B333@          %Bt7B   @{'B5B   @>~$B6B   @  NZ"
?s>%Bt7B   @>~$B6B   @q%B7B333@  NZ"
?s>q%B7B333@>~$B6B   @t;%B]6B333@            ?q%B7B333@t;%B]6B333@{'B5B333@          >~$B6B   @{'B5B   @G$B5B   @  smB>s>>~$B6B   @G$B5B   @t;%B]6B333@  smB>s>t;%B]6B333@G$B5B   @{%B5B333@           ?t;%B]6B333@{%B5B333@{'B5B333@           G$B5B   @{'B5B   @>~$BK4B   @  smBs>G$B5B   @>~$BK4B   @{%B5B333@  smBs>{%B5B333@>~$BK4B   @t;%B4B333@           ?{%B5B333@t;%B4B333@{'B5B333@           >~$BK4B   @{'B5B   @%B3B   @  NZ"
s>>~$BK4B   @%B3B   @t;%B4B333@  NZ"
s>t;%B4B333@%B3B   @q%B/4B333@           ?t;%B4B333@q%B/4B333@{'B5B333@           %B3B   @{'B5B   @,&B]3B   @  Z"
Ns>%B3B   @,&B]3B   @q%B/4B333@  Z"
Ns>q%B/4B333@,&B]3B   @P&B3B333@           ?q%B/4B333@P&B3B333@{'B5B333@            ,&B]3B   @{'B5B   @{'B2B   @  mBss>,&B]3B   @{'B2B   @P&B3B333@  mBss>P&B3B333@{'B2B   @{'B3B333@           ?P&B3B333@{'B3B333@{'B5B333@            {'B2B   @{'B5B   @&(B]3B   @  mB>ss>{'B2B   @&(B]3B   @{'B3B333@  mB>ss>{'B3B333@&(B]3B   @j'B3B333@           ?{'B3B333@j'B3B333@{'B5B333@            &(B]3B   @{'B5B   @V)B3B   @  Z"
?Ns>&(B]3B   @V)B3B   @j'B3B333@  Z"
?Ns>j'B3B333@V)B3B   @~(B/4B333@           ?j'B3B333@~(B/4B333@{'B5B333@            V)B3B   @{'B5B   @)BK4B   @  N?Z"
s>V)B3B   @)BK4B   @~(B/4B333@  N?Z"
s>~(B/4B333@)BK4B   @(B4B333@           ?~(B/4B333@(B4B333@{'B5B333@            )BK4B   @{'B5B   @H)B5B   @  s?mBs>)BK4B   @H)B5B   @(B4B333@  s?mBs>(B4B333@H)B5B   @{)B5B333@           ?(B4B333@{)B5B333@{'B5B333@            H)B!B   @{'B!B   @)B"B   @  s?mB>s>H)B!B   @)B"B   @{)B!B333@  s?mB>s>{)B!B333@)B"B   @(B]"B333@            ?{)B!B333@(B]"B333@{'B!B333@           )B"B   @{'B!B   @V)Bt#B   @  N?Z"
?s>)B"B   @V)Bt#B   @(B]"B333@  N?Z"
?s>(B]"B333@V)Bt#B   @~(B#B333@            ?(B]"B333@~(B#B333@{'B!B333@           V)Bt#B   @{'B!B   @&(B/$B   @  Z"
?N?s>V)Bt#B   @&(B/$B   @~(B#B333@  Z"
?N?s>~(B#B333@&(B/$B   @j'Br#B333@            ?~(B#B333@j'Br#B333@{'B!B333@           &(B/$B   @{'B!B   @{'Bff$B   @  mB>s?s>&(B/$B   @{'Bff$B   @j'Br#B333@  mB>s?s>j'Br#B333@{'Bff$B   @{'B#B333@            ?j'Br#B333@{'B#B333@{'B!B333@          {'Bff$B   @{'B!B   @,&B/$B   @  mBs?s>{'Bff$B   @,&B/$B   @{'B#B333@  mBs?s>{'B#B333@,&B/$B   @P&Br#B333@            ?{'B#B333@P&Br#B333@{'B!B333@          ,&B/$B   @{'B!B   @%Bt#B   @  Z"
N?s>,&B/$B   @%Bt#B   @P&Br#B333@  Z"
N?s>P&Br#B333@%Bt#B   @q%B#B333@            ?P&Br#B333@q%B#B333@{'B!B333@          %Bt#B   @{'B!B   @>~$B"B   @  NZ"
?s>%Bt#B   @>~$B"B   @q%B#B333@  NZ"
?s>q%B#B333@>~$B"B   @t;%B]"B333@            ?q%B#B333@t;%B]"B333@{'B!B333@          >~$B"B   @{'B!B   @G$B!B   @  smB>s>>~$B"B   @G$B!B   @t;%B]"B333@  smB>s>t;%B]"B333@G$B!B   @{%B!B333@           ?t;%B]"B333@{%B!B333@{'B!B333@           G$B!B   @{'B!B   @>~$BK B   @  smBs>G$B!B   @>~$BK B   @{%B!B333@  smBs>{%B!B333@>~$BK B   @t;%B B333@           ?{%B!B333@t;%B B333@{'B!B333@           >~$BK B   @{'B!B   @%BB   @  NZ"
s>>~$BK B   @%BB   @t;%B B333@  NZ"
s>t;%B B333@%BB   @q%B/ B333@           ?t;%B B333@q%B/ B333@{'B!B333@           %BB   @{'B!B   @,&B]B   @  Z"
Ns>%BB   @,&B]B   @q%B/ B333@  Z"
Ns>q%B/ B333@,&B]B   @P&BB333@           ?q%B/ B333@P&BB333@{'B!B333@            ,&B]B   @{'B!B   @{'BB   @  mBss>,&B]B   @{'BB   @P&BB333@  mBss>P&BB333@{'BB   @{'BB333@           ?P&BB333@{'BB333@{'B!B333@            {'BB   @{'B!B   @&(B]B   @  mB>ss>{'BB   @&(B]B   @{'BB333@  mB>ss>{'BB333@&(B]B   @j'BB333@           ?{'BB333@j'BB333@{'B!B333@            &(B]B   @{'B!B   @V)BB   @  Z"
?Ns>&(B]B   @V)BB   @j'BB333@  Z"
?Ns>j'BB333@V)BB   @~(B/ B333@           ?j'BB333@~(B/ B333@{'B!B333@            V)BB   @{'B!B   @)BK B   @  N?Z"
s>V)BB   @)BK B   @~(B/ B333@  N?Z"
s>~(B/ B333@)BK B   @(B B333@           ?~(B/ B333@(B B333@{'B!B333@            )BK B   @{'B!B   @H)B!B   @  s?mBs>)BK B   @H)B!B   @(B B333@  s?mBs>(B B333@H)B!B   @{)B!B333@           ?(B B333@{)B!B333@{'B!B333@  